Archive member included to satisfy reference by file (symbol)

/usr/lib/gcc/arm-none-eabi/12.2.1/thumb/v6-m/nofp/libgcc.a(_dvmd_tls.o)
                              CMakeFiles/my_DE3_Project.dir/home/admin/pico/pico-sdk/src/rp2_common/pico_divider/divider.S.obj (__aeabi_idiv0)
/usr/lib/gcc/arm-none-eabi/12.2.1/../../../arm-none-eabi/lib/thumb/v6-m/nofp/libg.a(lib_a-atexit.o)
                              /usr/lib/gcc/arm-none-eabi/12.2.1/../../../arm-none-eabi/lib/thumb/v6-m/nofp/crt0.o (atexit)
/usr/lib/gcc/arm-none-eabi/12.2.1/../../../arm-none-eabi/lib/thumb/v6-m/nofp/libg.a(lib_a-calloc.o)
                              CMakeFiles/my_DE3_Project.dir/home/admin/pico/pico-sdk/src/rp2_common/pico_malloc/pico_malloc.c.obj (calloc)
/usr/lib/gcc/arm-none-eabi/12.2.1/../../../arm-none-eabi/lib/thumb/v6-m/nofp/libg.a(lib_a-callocr.o)
                              /usr/lib/gcc/arm-none-eabi/12.2.1/../../../arm-none-eabi/lib/thumb/v6-m/nofp/libg.a(lib_a-calloc.o) (_calloc_r)
/usr/lib/gcc/arm-none-eabi/12.2.1/../../../arm-none-eabi/lib/thumb/v6-m/nofp/libg.a(lib_a-fini.o)
                              /usr/lib/gcc/arm-none-eabi/12.2.1/../../../arm-none-eabi/lib/thumb/v6-m/nofp/crt0.o (__libc_fini_array)
/usr/lib/gcc/arm-none-eabi/12.2.1/../../../arm-none-eabi/lib/thumb/v6-m/nofp/libg.a(lib_a-impure.o)
                              /usr/lib/gcc/arm-none-eabi/12.2.1/../../../arm-none-eabi/lib/thumb/v6-m/nofp/libg.a(lib_a-calloc.o) (_impure_ptr)
/usr/lib/gcc/arm-none-eabi/12.2.1/../../../arm-none-eabi/lib/thumb/v6-m/nofp/libg.a(lib_a-init.o)
                              /usr/lib/gcc/arm-none-eabi/12.2.1/../../../arm-none-eabi/lib/thumb/v6-m/nofp/crt0.o (__libc_init_array)
/usr/lib/gcc/arm-none-eabi/12.2.1/../../../arm-none-eabi/lib/thumb/v6-m/nofp/libg.a(lib_a-malloc.o)
                              CMakeFiles/my_DE3_Project.dir/home/admin/pico/pico-sdk/src/rp2_common/pico_malloc/pico_malloc.c.obj (malloc)
/usr/lib/gcc/arm-none-eabi/12.2.1/../../../arm-none-eabi/lib/thumb/v6-m/nofp/libg.a(lib_a-mallocr.o)
                              /usr/lib/gcc/arm-none-eabi/12.2.1/../../../arm-none-eabi/lib/thumb/v6-m/nofp/libg.a(lib_a-callocr.o) (_malloc_r)
/usr/lib/gcc/arm-none-eabi/12.2.1/../../../arm-none-eabi/lib/thumb/v6-m/nofp/libg.a(lib_a-mlock.o)
                              /usr/lib/gcc/arm-none-eabi/12.2.1/../../../arm-none-eabi/lib/thumb/v6-m/nofp/libg.a(lib_a-mallocr.o) (__malloc_lock)
/usr/lib/gcc/arm-none-eabi/12.2.1/../../../arm-none-eabi/lib/thumb/v6-m/nofp/libg.a(lib_a-realloc.o)
                              CMakeFiles/my_DE3_Project.dir/home/admin/pico/pico-sdk/src/rp2_common/pico_malloc/pico_malloc.c.obj (realloc)
/usr/lib/gcc/arm-none-eabi/12.2.1/../../../arm-none-eabi/lib/thumb/v6-m/nofp/libg.a(lib_a-reallocr.o)
                              /usr/lib/gcc/arm-none-eabi/12.2.1/../../../arm-none-eabi/lib/thumb/v6-m/nofp/libg.a(lib_a-realloc.o) (_realloc_r)
/usr/lib/gcc/arm-none-eabi/12.2.1/../../../arm-none-eabi/lib/thumb/v6-m/nofp/libg.a(lib_a-sbrkr.o)
                              /usr/lib/gcc/arm-none-eabi/12.2.1/../../../arm-none-eabi/lib/thumb/v6-m/nofp/libg.a(lib_a-mallocr.o) (_sbrk_r)
/usr/lib/gcc/arm-none-eabi/12.2.1/../../../arm-none-eabi/lib/thumb/v6-m/nofp/libg.a(lib_a-strlen-stub.o)
                              CMakeFiles/my_DE3_Project.dir/home/admin/pico/pico-sdk/src/rp2_common/pico_stdio/stdio.c.obj (strlen)
/usr/lib/gcc/arm-none-eabi/12.2.1/../../../arm-none-eabi/lib/thumb/v6-m/nofp/libg.a(lib_a-__atexit.o)
                              /usr/lib/gcc/arm-none-eabi/12.2.1/../../../arm-none-eabi/lib/thumb/v6-m/nofp/libg.a(lib_a-atexit.o) (__register_exitproc)
/usr/lib/gcc/arm-none-eabi/12.2.1/../../../arm-none-eabi/lib/thumb/v6-m/nofp/libg.a(lib_a-freer.o)
                              /usr/lib/gcc/arm-none-eabi/12.2.1/../../../arm-none-eabi/lib/thumb/v6-m/nofp/libg.a(lib_a-malloc.o) (_free_r)
/usr/lib/gcc/arm-none-eabi/12.2.1/../../../arm-none-eabi/lib/thumb/v6-m/nofp/libg.a(lib_a-memmove.o)
                              /usr/lib/gcc/arm-none-eabi/12.2.1/../../../arm-none-eabi/lib/thumb/v6-m/nofp/libg.a(lib_a-reallocr.o) (memmove)
/usr/lib/gcc/arm-none-eabi/12.2.1/../../../arm-none-eabi/lib/thumb/v6-m/nofp/libg.a(lib_a-reent.o)
                              /usr/lib/gcc/arm-none-eabi/12.2.1/../../../arm-none-eabi/lib/thumb/v6-m/nofp/libg.a(lib_a-sbrkr.o) (errno)

Discarded input sections

 .text          0x00000000        0x0 /usr/lib/gcc/arm-none-eabi/12.2.1/thumb/v6-m/nofp/crti.o
 .data          0x00000000        0x0 /usr/lib/gcc/arm-none-eabi/12.2.1/thumb/v6-m/nofp/crti.o
 .bss           0x00000000        0x0 /usr/lib/gcc/arm-none-eabi/12.2.1/thumb/v6-m/nofp/crti.o
 .data          0x00000000        0x4 /usr/lib/gcc/arm-none-eabi/12.2.1/thumb/v6-m/nofp/crtbegin.o
 .rodata        0x00000000       0x24 /usr/lib/gcc/arm-none-eabi/12.2.1/thumb/v6-m/nofp/crtbegin.o
 .fini_array    0x00000000        0x4 /usr/lib/gcc/arm-none-eabi/12.2.1/thumb/v6-m/nofp/crtbegin.o
[...]
Memory Configuration

Name             Origin             Length             Attributes
FLASH            0x10000000         0x00200000         xr
RAM              0x20000000         0x00040000         xrw
SCRATCH_X        0x20040000         0x00001000         xrw
SCRATCH_Y        0x20041000         0x00001000         xrw
*default*        0x00000000         0xffffffff

Linker script and memory map

LOAD /usr/lib/gcc/arm-none-eabi/12.2.1/thumb/v6-m/nofp/crti.o
LOAD /usr/lib/gcc/arm-none-eabi/12.2.1/thumb/v6-m/nofp/crtbegin.o
LOAD /usr/lib/gcc/arm-none-eabi/12.2.1/../../../arm-none-eabi/lib/thumb/v6-m/nofp/crt0.o

.flash_begin    0x10000000        0x0
                0x10000000                        __flash_binary_start = .

.boot2          0x10000000      0x100
                0x10000000                        __boot2_start__ = .
 *(.boot2)
 .boot2         0x10000000      0x100 /tmp/ccvnRWPb.o
                0x10000100                        __boot2_end__ = .
                0x00000001                        ASSERT (((__boot2_end__ - __boot2_start__) == 0x100), ERROR: Pico second stage bootloader must be 256 bytes in size)

.text           0x10000100     0x4308
                0x10000100                        __logical_binary_start = .
 *(.vectors)
 .vectors       0x10000100       0xd4 CMakeFiles/my_DE3_Project.dir/home/admin/pico/pico-sdk/src/rp2_common/pico_standard_link/crt0.S.obj
                0x10000100                __vectors
                0x10000100                __VECTOR_TABLE
                0x100001c0                isr_invalid
                0x100001c0                __default_isrs_start
                0x100001c2                isr_nmi
                0x100001c4                isr_hardfault
                0x100001c6                isr_svcall
                0x100001c8                isr_pendsv
                0x100001ca                isr_systick
                0x100001cc                isr_irq30
                0x100001cc                __unhandled_user_irq
                0x100001cc                isr_irq13
                0x100001cc                isr_irq27
                0x100001cc                isr_irq31
                0x100001cc                isr_irq5
                0x100001cc                isr_irq11
                0x100001cc                isr_irq23
                0x100001cc                isr_irq18
                0x100001cc                isr_irq28
                0x100001cc                isr_irq19
                0x100001cc                isr_irq0
                0x100001cc                isr_irq6
                0x100001cc                isr_irq22
                0x100001cc                isr_irq17
                0x100001cc                isr_irq14
                0x100001cc                isr_irq2
                0x100001cc                isr_irq10
                0x100001cc                isr_irq8
                0x100001cc                isr_irq24
                0x100001cc                isr_irq1
                0x100001cc                isr_irq7
                0x100001cc                isr_irq21
                0x100001cc                isr_irq20
                0x100001cc                isr_irq15
                0x100001cc                isr_irq25
                0x100001cc                isr_irq4
                0x100001cc                isr_irq16
                0x100001cc                isr_irq29
                0x100001cc                isr_irq26
                0x100001cc                __default_isrs_end
                0x100001cc                isr_irq3
                0x100001cc                isr_irq12
                0x100001cc                isr_irq9
                0x100001d2                unhandled_user_irq_num_in_r0
 *(.binary_info_header)
 .binary_info_header
                0x100001d4       0x14 CMakeFiles/my_DE3_Project.dir/home/admin/pico/pico-sdk/src/rp2_common/pico_standard_link/crt0.S.obj
                0x100001e8                        __binary_info_header_end = .
 *(.reset)
 .reset         0x100001e8       0xa0 CMakeFiles/my_DE3_Project.dir/home/admin/pico/pico-sdk/src/rp2_common/pico_standard_link/crt0.S.obj
                0x100001e8                _entry_point
 .reset         0x10000288       0x30 CMakeFiles/my_DE3_Project.dir/home/admin/pico/pico-sdk/src/rp2_common/pico_standard_link/binary_info.c.obj
 *(.init)
 .init          0x100002b8        0x4 /usr/lib/gcc/arm-none-eabi/12.2.1/thumb/v6-m/nofp/crti.o
                0x100002b8                _init
 *(EXCLUDE_FILE(*libm.a: *libc.a:*lib_a-mem*.o *libgcc.a:) .text*)
 .text          0x100002bc       0x98 /usr/lib/gcc/arm-none-eabi/12.2.1/thumb/v6-m/nofp/crtbegin.o
 .text.main     0x10000354      0x120 CMakeFiles/my_DE3_Project.dir/main.c.obj
                0x10000354                main
 .text.display7Seg4D_init
                0x10000474       0x44 CMakeFiles/my_DE3_Project.dir/display7Seg4D.c.obj
                0x10000474                display7Seg4D_init
 .text.codifyNumber
                0x100004b8       0xf0 CMakeFiles/my_DE3_Project.dir/display7Seg4D.c.obj
                0x100004b8                codifyNumber
 .text.separateDigits
                0x100005a8       0x50 CMakeFiles/my_DE3_Project.dir/display7Seg4D.c.obj
                0x100005a8                separateDigits
 .text.generateEnablesDigit
                0x100005f8       0x1c CMakeFiles/my_DE3_Project.dir/display7Seg4D.c.obj
                0x100005f8                generateEnablesDigit
 .text.display7Seg4D_show
                0x10000614       0xbc CMakeFiles/my_DE3_Project.dir/display7Seg4D.c.obj
                0x10000614                display7Seg4D_show
 .text.game_init
                0x100006d0       0x4e CMakeFiles/my_DE3_Project.dir/game.c.obj
                0x100006d0                game_init
 *fill*         0x1000071e        0x2 
 .text.gpio_set_function
                0x10000720       0x30 CMakeFiles/my_DE3_Project.dir/home/admin/pico/pico-sdk/src/rp2_common/hardware_gpio/gpio.c.obj
                0x10000720                gpio_set_function
 .text.gpio_set_pulls
                0x10000750       0x34 CMakeFiles/my_DE3_Project.dir/home/admin/pico/pico-sdk/src/rp2_common/hardware_gpio/gpio.c.obj
                0x10000750                gpio_set_pulls
 .text.gpio_init
                0x10000784       0x16 CMakeFiles/my_DE3_Project.dir/home/admin/pico/pico-sdk/src/rp2_common/hardware_gpio/gpio.c.obj
                0x10000784                gpio_init
 *fill*         0x1000079a        0x2 
 .text.running_on_fpga
                0x1000079c       0x14 CMakeFiles/my_DE3_Project.dir/home/admin/pico/pico-sdk/src/rp2_common/pico_platform/platform.c.obj
                0x1000079c                running_on_fpga
 .text.hw_claim_lock
                0x100007b0       0x18 CMakeFiles/my_DE3_Project.dir/home/admin/pico/pico-sdk/src/rp2_common/hardware_claim/claim.c.obj
                0x100007b0                hw_claim_lock
 .text.hw_claim_unlock
                0x100007c8       0x14 CMakeFiles/my_DE3_Project.dir/home/admin/pico/pico-sdk/src/rp2_common/hardware_claim/claim.c.obj
                0x100007c8                hw_claim_unlock
 .text.hw_claim_or_assert
                0x100007dc       0x32 CMakeFiles/my_DE3_Project.dir/home/admin/pico/pico-sdk/src/rp2_common/hardware_claim/claim.c.obj
                0x100007dc                hw_claim_or_assert
 *fill*         0x1000080e        0x2 
 .text.spin_locks_reset
                0x10000810       0x20 CMakeFiles/my_DE3_Project.dir/home/admin/pico/pico-sdk/src/rp2_common/hardware_sync/sync.c.obj
                0x10000810                spin_locks_reset
 .text.next_striped_spin_lock_num
                0x10000830       0x1c CMakeFiles/my_DE3_Project.dir/home/admin/pico/pico-sdk/src/rp2_common/hardware_sync/sync.c.obj
                0x10000830                next_striped_spin_lock_num
 .text.set_raw_irq_handler_and_unlock
                0x1000084c       0x28 CMakeFiles/my_DE3_Project.dir/home/admin/pico/pico-sdk/src/rp2_common/hardware_irq/irq.c.obj
 .text.resolve_branch
                0x10000874       0x30 CMakeFiles/my_DE3_Project.dir/home/admin/pico/pico-sdk/src/rp2_common/hardware_irq/irq.c.obj
 .text.make_branch
                0x100008a4       0x48 CMakeFiles/my_DE3_Project.dir/home/admin/pico/pico-sdk/src/rp2_common/hardware_irq/irq.c.obj
 .text.insert_branch_and_link
                0x100008ec       0x40 CMakeFiles/my_DE3_Project.dir/home/admin/pico/pico-sdk/src/rp2_common/hardware_irq/irq.c.obj
 .text.irq_is_enabled
                0x1000092c       0x18 CMakeFiles/my_DE3_Project.dir/home/admin/pico/pico-sdk/src/rp2_common/hardware_irq/irq.c.obj
                0x1000092c                irq_is_enabled
 .text.irq_set_mask_enabled
                0x10000944       0x20 CMakeFiles/my_DE3_Project.dir/home/admin/pico/pico-sdk/src/rp2_common/hardware_irq/irq.c.obj
                0x10000944                irq_set_mask_enabled
 .text.irq_set_enabled
                0x10000964        0xe CMakeFiles/my_DE3_Project.dir/home/admin/pico/pico-sdk/src/rp2_common/hardware_irq/irq.c.obj
                0x10000964                irq_set_enabled
 *fill*         0x10000972        0x2 
 .text.irq_get_vtable_handler
                0x10000974       0x10 CMakeFiles/my_DE3_Project.dir/home/admin/pico/pico-sdk/src/rp2_common/hardware_irq/irq.c.obj
                0x10000974                irq_get_vtable_handler
 .text.irq_set_exclusive_handler
                0x10000984       0x54 CMakeFiles/my_DE3_Project.dir/home/admin/pico/pico-sdk/src/rp2_common/hardware_irq/irq.c.obj
                0x10000984                irq_set_exclusive_handler
 .text.irq_remove_handler
                0x100009d8      0x188 CMakeFiles/my_DE3_Project.dir/home/admin/pico/pico-sdk/src/rp2_common/hardware_irq/irq.c.obj
                0x100009d8                irq_remove_handler
 .text.irq_add_tail_to_free_list
                0x10000b60       0xf0 CMakeFiles/my_DE3_Project.dir/home/admin/pico/pico-sdk/src/rp2_common/hardware_irq/irq.c.obj
                0x10000b60                irq_add_tail_to_free_list
 .text.irq_init_priorities
                0x10000c50       0x1c CMakeFiles/my_DE3_Project.dir/home/admin/pico/pico-sdk/src/rp2_common/hardware_irq/irq.c.obj
                0x10000c50                irq_init_priorities
 .text.lock_init
                0x10000c6c       0x10 CMakeFiles/my_DE3_Project.dir/home/admin/pico/pico-sdk/src/common/pico_sync/lock_core.c.obj
                0x10000c6c                lock_init
 .text.mutex_init
                0x10000c7c       0x1a CMakeFiles/my_DE3_Project.dir/home/admin/pico/pico-sdk/src/common/pico_sync/mutex.c.obj
                0x10000c7c                mutex_init
 .text.recursive_mutex_init
                0x10000c96       0x1e CMakeFiles/my_DE3_Project.dir/home/admin/pico/pico-sdk/src/common/pico_sync/mutex.c.obj
                0x10000c96                recursive_mutex_init
 .text.time_reached
                0x10000cb4       0x28 CMakeFiles/my_DE3_Project.dir/home/admin/pico/pico-sdk/src/common/pico_time/time.c.obj
 .text.get_entry
                0x10000cdc       0x38 CMakeFiles/my_DE3_Project.dir/home/admin/pico/pico-sdk/src/common/pico_time/time.c.obj
 .text.timer_pool_entry_comparator
                0x10000d14       0x2e CMakeFiles/my_DE3_Project.dir/home/admin/pico/pico-sdk/src/common/pico_time/time.c.obj
                0x10000d14                timer_pool_entry_comparator
 *fill*         0x10000d42        0x2 
 .text.update_us_since_boot
                0x10000d44       0x24 CMakeFiles/my_DE3_Project.dir/home/admin/pico/pico-sdk/src/common/pico_time/time.c.obj
 .text.delayed_by_us
                0x10000d68       0x34 CMakeFiles/my_DE3_Project.dir/home/admin/pico/pico-sdk/src/common/pico_time/time.c.obj
 .text.ph_get_node
                0x10000d9c       0x30 CMakeFiles/my_DE3_Project.dir/home/admin/pico/pico-sdk/src/common/pico_time/time.c.obj
 .text.ph_contains_node
                0x10000dcc       0x1e CMakeFiles/my_DE3_Project.dir/home/admin/pico/pico-sdk/src/common/pico_time/time.c.obj
 .text.ph_new_node
                0x10000dea       0x28 CMakeFiles/my_DE3_Project.dir/home/admin/pico/pico-sdk/src/common/pico_time/time.c.obj
 *fill*         0x10000e12        0x2 
 .text.ph_add_child_node
                0x10000e14       0x6c CMakeFiles/my_DE3_Project.dir/home/admin/pico/pico-sdk/src/common/pico_time/time.c.obj
 .text.ph_merge_nodes
                0x10000e80       0x3e CMakeFiles/my_DE3_Project.dir/home/admin/pico/pico-sdk/src/common/pico_time/time.c.obj
 *fill*         0x10000ebe        0x2 
 .text.ph_insert_node
                0x10000ec0       0x3c CMakeFiles/my_DE3_Project.dir/home/admin/pico/pico-sdk/src/common/pico_time/time.c.obj
 .text.ph_free_node
                0x10000efc       0x5c CMakeFiles/my_DE3_Project.dir/home/admin/pico/pico-sdk/src/common/pico_time/time.c.obj
 .text.get_entry_id_high
                0x10000f58       0x30 CMakeFiles/my_DE3_Project.dir/home/admin/pico/pico-sdk/src/common/pico_time/time.c.obj
 .text.alarm_pool_post_alloc_init
                0x10000f88       0x40 CMakeFiles/my_DE3_Project.dir/home/admin/pico/pico-sdk/src/common/pico_time/time.c.obj
 .text.sleep_until_callback
                0x10000fc8       0x30 CMakeFiles/my_DE3_Project.dir/home/admin/pico/pico-sdk/src/common/pico_time/time.c.obj
 .text.get_absolute_time
                0x10000ff8       0x22 CMakeFiles/my_DE3_Project.dir/home/admin/pico/pico-sdk/src/common/pico_time/time.c.obj
 *fill*         0x1000101a        0x2 
 .text.add_alarm_under_lock
                0x1000101c       0x94 CMakeFiles/my_DE3_Project.dir/home/admin/pico/pico-sdk/src/common/pico_time/time.c.obj
 .text.alarm_pool_alarm_callback
                0x100010b0      0x210 CMakeFiles/my_DE3_Project.dir/home/admin/pico/pico-sdk/src/common/pico_time/time.c.obj
 .text.alarm_pool_init_default
                0x100012c0       0x40 CMakeFiles/my_DE3_Project.dir/home/admin/pico/pico-sdk/src/common/pico_time/time.c.obj
                0x100012c0                alarm_pool_init_default
 .text.alarm_pool_get_default
                0x10001300       0x2c CMakeFiles/my_DE3_Project.dir/home/admin/pico/pico-sdk/src/common/pico_time/time.c.obj
                0x10001300                alarm_pool_get_default
 .text.alarm_pool_add_alarm_at
                0x1000132c      0x10e CMakeFiles/my_DE3_Project.dir/home/admin/pico/pico-sdk/src/common/pico_time/time.c.obj
                0x1000132c                alarm_pool_add_alarm_at
 .text.add_alarm_at
                0x1000143a       0x2e CMakeFiles/my_DE3_Project.dir/home/admin/pico/pico-sdk/src/common/pico_time/time.c.obj
 .text.alarm_pool_cancel_alarm
                0x10001468       0xa8 CMakeFiles/my_DE3_Project.dir/home/admin/pico/pico-sdk/src/common/pico_time/time.c.obj
                0x10001468                alarm_pool_cancel_alarm
 .text.cancel_alarm
                0x10001510       0x10 CMakeFiles/my_DE3_Project.dir/home/admin/pico/pico-sdk/src/common/pico_time/time.c.obj
 .text.best_effort_wfe_or_timeout
                0x10001520       0x44 CMakeFiles/my_DE3_Project.dir/home/admin/pico/pico-sdk/src/common/pico_time/time.c.obj
                0x10001520                best_effort_wfe_or_timeout
 .text.hardware_alarm_irq_handler
                0x10001564       0x8c CMakeFiles/my_DE3_Project.dir/home/admin/pico/pico-sdk/src/rp2_common/hardware_timer/timer.c.obj
 .text.hardware_alarm_claim
                0x100015f0       0x18 CMakeFiles/my_DE3_Project.dir/home/admin/pico/pico-sdk/src/rp2_common/hardware_timer/timer.c.obj
                0x100015f0                hardware_alarm_claim
 .text.time_us_64
                0x10001608       0x18 CMakeFiles/my_DE3_Project.dir/home/admin/pico/pico-sdk/src/rp2_common/hardware_timer/timer.c.obj
                0x10001608                time_us_64
 .text.hardware_alarm_set_callback
                0x10001620       0x90 CMakeFiles/my_DE3_Project.dir/home/admin/pico/pico-sdk/src/rp2_common/hardware_timer/timer.c.obj
                0x10001620                hardware_alarm_set_callback
 .text.hardware_alarm_set_target
                0x100016b0       0xe8 CMakeFiles/my_DE3_Project.dir/home/admin/pico/pico-sdk/src/rp2_common/hardware_timer/timer.c.obj
                0x100016b0                hardware_alarm_set_target
 .text.hardware_alarm_cancel
                0x10001798       0x40 CMakeFiles/my_DE3_Project.dir/home/admin/pico/pico-sdk/src/rp2_common/hardware_timer/timer.c.obj
                0x10001798                hardware_alarm_cancel
 .text.ph_get_node
                0x100017d8       0x30 CMakeFiles/my_DE3_Project.dir/home/admin/pico/pico-sdk/src/common/pico_util/pheap.c.obj
 .text.ph_add_child_node
                0x10001808       0x6c CMakeFiles/my_DE3_Project.dir/home/admin/pico/pico-sdk/src/common/pico_util/pheap.c.obj
 .text.ph_merge_nodes
                0x10001874       0x3e CMakeFiles/my_DE3_Project.dir/home/admin/pico/pico-sdk/src/common/pico_util/pheap.c.obj
 .text.ph_clear
                0x100018b2       0x34 CMakeFiles/my_DE3_Project.dir/home/admin/pico/pico-sdk/src/common/pico_util/pheap.c.obj
                0x100018b2                ph_clear
 .text.ph_post_alloc_init
                0x100018e6        0xe CMakeFiles/my_DE3_Project.dir/home/admin/pico/pico-sdk/src/common/pico_util/pheap.c.obj
                0x100018e6                ph_post_alloc_init
 .text.ph_merge_two_pass
                0x100018f4       0x5c CMakeFiles/my_DE3_Project.dir/home/admin/pico/pico-sdk/src/common/pico_util/pheap.c.obj
                0x100018f4                ph_merge_two_pass
 .text.ph_remove_any_head
                0x10001950       0xc0 CMakeFiles/my_DE3_Project.dir/home/admin/pico/pico-sdk/src/common/pico_util/pheap.c.obj
 .text.ph_remove_head
                0x10001a10       0x14 CMakeFiles/my_DE3_Project.dir/home/admin/pico/pico-sdk/src/common/pico_util/pheap.c.obj
                0x10001a10                ph_remove_head
 .text.ph_remove_and_free_node
                0x10001a24       0xa0 CMakeFiles/my_DE3_Project.dir/home/admin/pico/pico-sdk/src/common/pico_util/pheap.c.obj
                0x10001a24                ph_remove_and_free_node
 .text.clock_configure
                0x10001ac4      0x108 CMakeFiles/my_DE3_Project.dir/home/admin/pico/pico-sdk/src/rp2_common/hardware_clocks/clocks.c.obj
                0x10001ac4                clock_configure
 .text.clocks_init
                0x10001bcc      0x100 CMakeFiles/my_DE3_Project.dir/home/admin/pico/pico-sdk/src/rp2_common/hardware_clocks/clocks.c.obj
                0x10001bcc                clocks_init
 .text.pll_init
                0x10001ccc      0x120 CMakeFiles/my_DE3_Project.dir/home/admin/pico/pico-sdk/src/rp2_common/hardware_pll/pll.c.obj
                0x10001ccc                pll_init
 .text.watchdog_start_tick
                0x10001dec       0x10 CMakeFiles/my_DE3_Project.dir/home/admin/pico/pico-sdk/src/rp2_common/hardware_watchdog/watchdog.c.obj
                0x10001dec                watchdog_start_tick
 .text.xosc_init
                0x10001dfc       0x28 CMakeFiles/my_DE3_Project.dir/home/admin/pico/pico-sdk/src/rp2_common/hardware_xosc/xosc.c.obj
                0x10001dfc                xosc_init
 .text._exit    0x10001e24        0x4 CMakeFiles/my_DE3_Project.dir/home/admin/pico/pico-sdk/src/rp2_common/pico_runtime/runtime.c.obj
                0x10001e24                _exit
 .text.exit     0x10001e28        0x6 CMakeFiles/my_DE3_Project.dir/home/admin/pico/pico-sdk/src/rp2_common/pico_runtime/runtime.c.obj
                0x10001e28                exit
 *fill*         0x10001e2e        0x2 
 .text.__assert_func
                0x10001e30       0x38 CMakeFiles/my_DE3_Project.dir/home/admin/pico/pico-sdk/src/rp2_common/pico_runtime/runtime.c.obj
                0x10001e30                __assert_func
 .text.runtime_init
                0x10001e68       0xf8 CMakeFiles/my_DE3_Project.dir/home/admin/pico/pico-sdk/src/rp2_common/pico_runtime/runtime.c.obj
                0x10001e68                runtime_init
 .text.panic    0x10001f60       0x30 CMakeFiles/my_DE3_Project.dir/home/admin/pico/pico-sdk/src/rp2_common/pico_runtime/runtime.c.obj
                0x10001f60                panic
 .text._out_null
                0x10001f90        0x2 CMakeFiles/my_DE3_Project.dir/home/admin/pico/pico-sdk/src/rp2_common/pico_printf/printf.c.obj
 .text._out_fct
                0x10001f92        0xe CMakeFiles/my_DE3_Project.dir/home/admin/pico/pico-sdk/src/rp2_common/pico_printf/printf.c.obj
 .text._atoi    0x10001fa0       0x24 CMakeFiles/my_DE3_Project.dir/home/admin/pico/pico-sdk/src/rp2_common/pico_printf/printf.c.obj
 .text._out_rev
                0x10001fc4       0xae CMakeFiles/my_DE3_Project.dir/home/admin/pico/pico-sdk/src/rp2_common/pico_printf/printf.c.obj
 .text._ntoa_format
                0x10002072      0x110 CMakeFiles/my_DE3_Project.dir/home/admin/pico/pico-sdk/src/rp2_common/pico_printf/printf.c.obj
 .text._ntoa_long
                0x10002182       0xbc CMakeFiles/my_DE3_Project.dir/home/admin/pico/pico-sdk/src/rp2_common/pico_printf/printf.c.obj
 .text._ntoa_long_long
                0x1000223e      0x10e CMakeFiles/my_DE3_Project.dir/home/admin/pico/pico-sdk/src/rp2_common/pico_printf/printf.c.obj
 .text._etoa    0x1000234c      0x420 CMakeFiles/my_DE3_Project.dir/home/admin/pico/pico-sdk/src/rp2_common/pico_printf/printf.c.obj
 .text._ftoa    0x1000276c      0x354 CMakeFiles/my_DE3_Project.dir/home/admin/pico/pico-sdk/src/rp2_common/pico_printf/printf.c.obj
 .text._vsnprintf
                0x10002ac0      0x65c CMakeFiles/my_DE3_Project.dir/home/admin/pico/pico-sdk/src/rp2_common/pico_printf/printf.c.obj
 .text.vfctprintf
                0x1000311c       0x20 CMakeFiles/my_DE3_Project.dir/home/admin/pico/pico-sdk/src/rp2_common/pico_printf/printf.c.obj
                0x1000311c                vfctprintf
 .text          0x1000313c       0x10 CMakeFiles/my_DE3_Project.dir/home/admin/pico/pico-sdk/src/rp2_common/pico_bit_ops/bit_ops_aeabi.S.obj
 .text.rom_func_lookup
                0x1000314c       0x10 CMakeFiles/my_DE3_Project.dir/home/admin/pico/pico-sdk/src/rp2_common/pico_bootrom/bootrom.c.obj
                0x1000314c                rom_func_lookup
 .text.rom_data_lookup
                0x1000315c       0x10 CMakeFiles/my_DE3_Project.dir/home/admin/pico/pico-sdk/src/rp2_common/pico_bootrom/bootrom.c.obj
                0x1000315c                rom_data_lookup
 .text.rom_funcs_lookup
                0x1000316c       0x36 CMakeFiles/my_DE3_Project.dir/home/admin/pico/pico-sdk/src/rp2_common/pico_bootrom/bootrom.c.obj
                0x1000316c                rom_funcs_lookup
 *fill*         0x100031a2        0x2 
 .text.__wrap___aeabi_idiv
                0x100031a4       0x50 CMakeFiles/my_DE3_Project.dir/home/admin/pico/pico-sdk/src/rp2_common/pico_divider/divider.S.obj
                0x100031a4                __wrap___aeabi_idivmod
                0x100031a4                divmod_s32s32
                0x100031a4                div_s32s32
                0x100031a4                __wrap___aeabi_idiv
                0x100031ac                divmod_s32s32_unsafe
                0x100031d8                divmod_s32s32_savestate
 .text.__wrap___aeabi_uidiv
                0x100031f4       0x4c CMakeFiles/my_DE3_Project.dir/home/admin/pico/pico-sdk/src/rp2_common/pico_divider/divider.S.obj
                0x100031f4                __wrap___aeabi_uidiv
                0x100031f4                __wrap___aeabi_uidivmod
                0x100031f4                div_u32u32
                0x100031f4                divmod_u32u32
                0x100031fc                divmod_u32u32_unsafe
                0x10003224                divmod_u32u32_savestate
 .text.__wrap___aeabi_ldiv
                0x10003240      0x424 CMakeFiles/my_DE3_Project.dir/home/admin/pico/pico-sdk/src/rp2_common/pico_divider/divider.S.obj
                0x10003240                div_s64s64
                0x10003240                divmod_s64s64
                0x10003240                __wrap___aeabi_ldivmod
                0x10003270                div_u64u64
                0x10003270                divmod_u64u64
                0x10003270                __wrap___aeabi_uldivmod
                0x10003280                divmod_u64u64_savestate
                0x100032a0                divmod_s64s64_unsafe
                0x10003328                divmod_u64u64_unsafe
 .text.__wrap___aeabi_darithmetic
                0x10003664       0x80 CMakeFiles/my_DE3_Project.dir/home/admin/pico/pico-sdk/src/rp2_common/pico_double/double_aeabi.S.obj
                0x10003664                __wrap___aeabi_drsub
                0x1000366a                __wrap___aeabi_dsub
                0x1000367c                __wrap___aeabi_dadd
                0x1000368e                __wrap___aeabi_ddiv
                0x100036ca                __wrap___aeabi_dmul
 .text.__wrap___aeabi_cdcmple
                0x100036e4       0x6c CMakeFiles/my_DE3_Project.dir/home/admin/pico/pico-sdk/src/rp2_common/pico_double/double_aeabi.S.obj
                0x100036e4                __wrap___aeabi_cdrcmple
                0x100036f4                __wrap___aeabi_cdcmple
                0x100036f4                __wrap___aeabi_cdcmpeq
 .text.__wrap___aeabi_dcmplt
                0x10003750        0xc CMakeFiles/my_DE3_Project.dir/home/admin/pico/pico-sdk/src/rp2_common/pico_double/double_aeabi.S.obj
                0x10003750                __wrap___aeabi_dcmplt
 .text.__wrap___aeabi_dcmple
                0x1000375c       0x10 CMakeFiles/my_DE3_Project.dir/home/admin/pico/pico-sdk/src/rp2_common/pico_double/double_aeabi.S.obj
                0x1000375c                __wrap___aeabi_dcmple
 .text.__wrap___aeabi_dcmpge
                0x1000376c       0x10 CMakeFiles/my_DE3_Project.dir/home/admin/pico/pico-sdk/src/rp2_common/pico_double/double_aeabi.S.obj
                0x1000376c                __wrap___aeabi_dcmpge
 .text.__wrap___aeabi_dcmpgt
                0x1000377c        0xa CMakeFiles/my_DE3_Project.dir/home/admin/pico/pico-sdk/src/rp2_common/pico_double/double_aeabi.S.obj
                0x1000377c                __wrap___aeabi_dcmpgt
 .text.__wrap___aeabi_dcmpun
                0x10003786       0x1c CMakeFiles/my_DE3_Project.dir/home/admin/pico/pico-sdk/src/rp2_common/pico_double/double_aeabi.S.obj
                0x10003786                __wrap___aeabi_dcmpun
 *fill*         0x100037a2        0x2 
 .text.__wrap___aeabi_i2d
                0x100037a4       0x38 CMakeFiles/my_DE3_Project.dir/home/admin/pico/pico-sdk/src/rp2_common/pico_double/double_aeabi.S.obj
                0x100037a4                __wrap___aeabi_ui2d
                0x100037ac                __wrap___aeabi_i2d
 .text.__wrap___aeabi_d2iz
                0x100037dc       0x48 CMakeFiles/my_DE3_Project.dir/home/admin/pico/pico-sdk/src/rp2_common/pico_double/double_aeabi.S.obj
                0x100037dc                __wrap___aeabi_d2iz
                0x100037dc                double2int_z
 .text.__wrap___aeabi_d2uiz
                0x10003824       0x18 CMakeFiles/my_DE3_Project.dir/home/admin/pico/pico-sdk/src/rp2_common/pico_double/double_aeabi.S.obj
                0x10003824                double2uint
                0x10003824                __wrap___aeabi_d2uiz
 .text.__aeabi_double_init
                0x1000383c       0xcc CMakeFiles/my_DE3_Project.dir/home/admin/pico/pico-sdk/src/rp2_common/pico_double/double_init_rom.c.obj
                0x1000383c                __aeabi_double_init
 .text.double_table_shim_on_use_helper
                0x10003908       0x34 CMakeFiles/my_DE3_Project.dir/home/admin/pico/pico-sdk/src/rp2_common/pico_double/double_v1_rom_shim.S.obj
                0x10003908                double_table_shim_on_use_helper
 .text.__wrap___aeabi_dsub
                0x1000393c       0x10 CMakeFiles/my_DE3_Project.dir/home/admin/pico/pico-sdk/src/rp2_common/pico_double/double_v1_rom_shim.S.obj
                0x1000393c                drsub_shim
                0x10003942                dsub_shim
 .text.dadd_shim
                0x1000394c      0x15c CMakeFiles/my_DE3_Project.dir/home/admin/pico/pico-sdk/src/rp2_common/pico_double/double_v1_rom_shim.S.obj
                0x1000394c                dadd_shim
 .text.dmul_shim
                0x10003aa8      0x15c CMakeFiles/my_DE3_Project.dir/home/admin/pico/pico-sdk/src/rp2_common/pico_double/double_v1_rom_shim.S.obj
                0x10003aa8                dmul_shim
 .text.ddiv_shim
                0x10003c04      0x1b0 CMakeFiles/my_DE3_Project.dir/home/admin/pico/pico-sdk/src/rp2_common/pico_double/double_v1_rom_shim.S.obj
                0x10003c04                ddiv_shim
 .text.double2uint_shim
                0x10003db4        0xe CMakeFiles/my_DE3_Project.dir/home/admin/pico/pico-sdk/src/rp2_common/pico_double/double_v1_rom_shim.S.obj
                0x10003db4                double2uint_shim
                0x10003db6                double2ufix_shim
 *fill*         0x10003dc2        0x2 
 .text.double2uint64_shim
                0x10003dc4       0x70 CMakeFiles/my_DE3_Project.dir/home/admin/pico/pico-sdk/src/rp2_common/pico_double/double_v1_rom_shim.S.obj
                0x10003dc4                double2uint64_shim
                0x10003dc6                double2ufix64_shim
                0x10003de6                d2fix_a
 .text.dunpacks
                0x10003e34       0x3c CMakeFiles/my_DE3_Project.dir/home/admin/pico/pico-sdk/src/rp2_common/pico_double/double_v1_rom_shim.S.obj
                0x10003e34                dunpacks
 .text.__aeabi_lmul
                0x10003e70       0x32 CMakeFiles/my_DE3_Project.dir/home/admin/pico/pico-sdk/src/rp2_common/pico_int64_ops/pico_int64_ops_aeabi.S.obj
                0x10003e70                __wrap___aeabi_lmul
 *fill*         0x10003ea2        0x2 
 .text.__aeabi_float_init
                0x10003ea4       0xfc CMakeFiles/my_DE3_Project.dir/home/admin/pico/pico-sdk/src/rp2_common/pico_float/float_init_rom.c.obj
                0x10003ea4                __aeabi_float_init
 .text.float_table_shim_on_use_helper
                0x10003fa0       0x34 CMakeFiles/my_DE3_Project.dir/home/admin/pico/pico-sdk/src/rp2_common/pico_float/float_v1_rom_shim.S.obj
                0x10003fa0                float_table_shim_on_use_helper
 .text          0x10003fd4       0x10 CMakeFiles/my_DE3_Project.dir/home/admin/pico/pico-sdk/src/rp2_common/pico_mem_ops/mem_ops_aeabi.S.obj
                0x10003fd4                __aeabi_mem_init
 .text.memset   0x10003fe4        0xc CMakeFiles/my_DE3_Project.dir/home/admin/pico/pico-sdk/src/rp2_common/pico_mem_ops/mem_ops_aeabi.S.obj
                0x10003fe4                __wrap_memset
 .text.memcpy   0x10003ff0        0xc CMakeFiles/my_DE3_Project.dir/home/admin/pico/pico-sdk/src/rp2_common/pico_mem_ops/mem_ops_aeabi.S.obj
                0x10003ff0                __wrap___aeabi_memcpy
                0x10003ff0                __wrap_memcpy
 .text.stdio_out_chars_no_crlf
                0x10003ffc        0xe CMakeFiles/my_DE3_Project.dir/home/admin/pico/pico-sdk/src/rp2_common/pico_stdio/stdio.c.obj
 *fill*         0x1000400a        0x2 
 .text.stdio_out_chars_crlf
                0x1000400c       0x80 CMakeFiles/my_DE3_Project.dir/home/admin/pico/pico-sdk/src/rp2_common/pico_stdio/stdio.c.obj
 .text.stdio_stack_buffer_flush
                0x1000408c       0x44 CMakeFiles/my_DE3_Project.dir/home/admin/pico/pico-sdk/src/rp2_common/pico_stdio/stdio.c.obj
 .text.stdio_buffered_printer
                0x100040d0       0x20 CMakeFiles/my_DE3_Project.dir/home/admin/pico/pico-sdk/src/rp2_common/pico_stdio/stdio.c.obj
 .text.update_us_since_boot
                0x100040f0       0x24 CMakeFiles/my_DE3_Project.dir/home/admin/pico/pico-sdk/src/rp2_common/pico_stdio/stdio.c.obj
 .text.get_absolute_time
                0x10004114       0x22 CMakeFiles/my_DE3_Project.dir/home/admin/pico/pico-sdk/src/rp2_common/pico_stdio/stdio.c.obj
 *fill*         0x10004136        0x2 
 .text.delayed_by_ms
                0x10004138       0x44 CMakeFiles/my_DE3_Project.dir/home/admin/pico/pico-sdk/src/rp2_common/pico_stdio/stdio.c.obj
 .text.make_timeout_time_ms
                0x1000417c       0x20 CMakeFiles/my_DE3_Project.dir/home/admin/pico/pico-sdk/src/rp2_common/pico_stdio/stdio.c.obj
 .text.stdout_serialize_begin
                0x1000419c       0x20 CMakeFiles/my_DE3_Project.dir/home/admin/pico/pico-sdk/src/rp2_common/pico_stdio/stdio.c.obj
                0x1000419c                stdout_serialize_begin
 .text.stdout_serialize_end
                0x100041bc       0x10 CMakeFiles/my_DE3_Project.dir/home/admin/pico/pico-sdk/src/rp2_common/pico_stdio/stdio.c.obj
                0x100041bc                stdout_serialize_end
 .text.stdio_put_string
                0x100041cc       0x98 CMakeFiles/my_DE3_Project.dir/home/admin/pico/pico-sdk/src/rp2_common/pico_stdio/stdio.c.obj
 .text.stdio_flush
                0x10004264       0x20 CMakeFiles/my_DE3_Project.dir/home/admin/pico/pico-sdk/src/rp2_common/pico_stdio/stdio.c.obj
                0x10004264                stdio_flush
 .text.__wrap_puts
                0x10004284       0x1e CMakeFiles/my_DE3_Project.dir/home/admin/pico/pico-sdk/src/rp2_common/pico_stdio/stdio.c.obj
                0x10004284                __wrap_puts
 *fill*         0x100042a2        0x2 
 .text.__wrap_vprintf
                0x100042a4       0x40 CMakeFiles/my_DE3_Project.dir/home/admin/pico/pico-sdk/src/rp2_common/pico_stdio/stdio.c.obj
                0x100042a4                __wrap_vprintf
 .text.__wrap_printf
                0x100042e4       0x18 CMakeFiles/my_DE3_Project.dir/home/admin/pico/pico-sdk/src/rp2_common/pico_stdio/stdio.c.obj
                0x100042e4                __wrap_printf
 .text._retrieve_unique_id_on_boot
                0x100042fc       0x10 CMakeFiles/my_DE3_Project.dir/home/admin/pico/pico-sdk/src/rp2_common/pico_unique_id/unique_id.c.obj
 .text.flash_get_unique_id
                0x1000430c       0x46 CMakeFiles/my_DE3_Project.dir/home/admin/pico/pico-sdk/src/rp2_common/hardware_flash/flash.c.obj
                0x1000430c                flash_get_unique_id
 *fill*         0x10004352        0x2 
 .text          0x10004354       0x5c /usr/lib/gcc/arm-none-eabi/12.2.1/../../../arm-none-eabi/lib/thumb/v6-m/nofp/libg.a(lib_a-strlen-stub.o)
                0x10004354                strlen
 *(.fini)
 .fini          0x100043b0        0x4 /usr/lib/gcc/arm-none-eabi/12.2.1/thumb/v6-m/nofp/crti.o
                0x100043b0                _fini
 *fill*         0x100043b4        0x4 
 .fini.__stub   0x100043b8       0x50 linker stubs
 *crtbegin.o(.ctors)
 *crtbegin?.o(.ctors)
 *(EXCLUDE_FILE(*crtend.o *crtend?.o) .ctors)
 *(SORT_BY_NAME(.ctors.*))
 *(.ctors)
 *crtbegin.o(.dtors)
 *crtbegin?.o(.dtors)
 *(EXCLUDE_FILE(*crtend.o *crtend?.o) .dtors)
 *(SORT_BY_NAME(.dtors.*))
 *(.dtors)
 *(.eh_frame*)
 .eh_frame      0x10004408        0x0 /usr/lib/gcc/arm-none-eabi/12.2.1/thumb/v6-m/nofp/crtbegin.o
                0x10004408                        . = ALIGN (0x4)

.glue_7         0x10004408        0x0
 .glue_7        0x10004408        0x0 linker stubs

.glue_7t        0x10004408        0x0
 .glue_7t       0x10004408        0x0 linker stubs

.vfp11_veneer   0x10004408        0x0
 .vfp11_veneer  0x10004408        0x0 linker stubs

.v4_bx          0x10004408        0x0
 .v4_bx         0x10004408        0x0 linker stubs

.iplt           0x10004408        0x0
 .iplt          0x10004408        0x0 /usr/lib/gcc/arm-none-eabi/12.2.1/thumb/v6-m/nofp/crtbegin.o

.rodata         0x10004408      0xf0c
 *(EXCLUDE_FILE(*libm.a: *libc.a:*lib_a-mem*.o *libgcc.a:) .rodata*)
 .rodata.main.str1.4
                0x10004408        0x8 CMakeFiles/my_DE3_Project.dir/main.c.obj
 .rodata        0x10004410        0x3 CMakeFiles/my_DE3_Project.dir/main.c.obj
 *fill*         0x10004413        0x1 
 .rodata.codifyNumber
                0x10004414       0x28 CMakeFiles/my_DE3_Project.dir/display7Seg4D.c.obj
 .rodata.resolve_branch.str1.4
                0x1000443c       0x54 CMakeFiles/my_DE3_Project.dir/home/admin/pico/pico-sdk/src/rp2_common/hardware_irq/irq.c.obj
 .rodata.make_branch.str1.4
                0x10004490       0x30 CMakeFiles/my_DE3_Project.dir/home/admin/pico/pico-sdk/src/rp2_common/hardware_irq/irq.c.obj
 .rodata.insert_branch_and_link.str1.4
                0x100044c0       0x10 CMakeFiles/my_DE3_Project.dir/home/admin/pico/pico-sdk/src/rp2_common/hardware_irq/irq.c.obj
 .rodata.irq_set_exclusive_handler.str1.4
                0x100044d0       0x36 CMakeFiles/my_DE3_Project.dir/home/admin/pico/pico-sdk/src/rp2_common/hardware_irq/irq.c.obj
 *fill*         0x10004506        0x2 
 .rodata.irq_remove_handler.str1.4
                0x10004508       0x3a CMakeFiles/my_DE3_Project.dir/home/admin/pico/pico-sdk/src/rp2_common/hardware_irq/irq.c.obj
 *fill*         0x10004542        0x2 
 .rodata.irq_add_tail_to_free_list.str1.4
                0x10004544       0x3a CMakeFiles/my_DE3_Project.dir/home/admin/pico/pico-sdk/src/rp2_common/hardware_irq/irq.c.obj
 *fill*         0x1000457e        0x2 
 .rodata.__func__.0
                0x10004580       0x1a CMakeFiles/my_DE3_Project.dir/home/admin/pico/pico-sdk/src/rp2_common/hardware_irq/irq.c.obj
 *fill*         0x1000459a        0x2 
 .rodata.__func__.1
                0x1000459c       0x17 CMakeFiles/my_DE3_Project.dir/home/admin/pico/pico-sdk/src/rp2_common/hardware_irq/irq.c.obj
 *fill*         0x100045b3        0x1 
 .rodata.__func__.2
                0x100045b4       0x13 CMakeFiles/my_DE3_Project.dir/home/admin/pico/pico-sdk/src/rp2_common/hardware_irq/irq.c.obj
 *fill*         0x100045c7        0x1 
 .rodata.__func__.3
                0x100045c8        0xc CMakeFiles/my_DE3_Project.dir/home/admin/pico/pico-sdk/src/rp2_common/hardware_irq/irq.c.obj
 .rodata.__func__.4
                0x100045d4        0xf CMakeFiles/my_DE3_Project.dir/home/admin/pico/pico-sdk/src/rp2_common/hardware_irq/irq.c.obj
 *fill*         0x100045e3        0x1 
 .rodata.__func__.6
                0x100045e4       0x1a CMakeFiles/my_DE3_Project.dir/home/admin/pico/pico-sdk/src/rp2_common/hardware_irq/irq.c.obj
 *fill*         0x100045fe        0x2 
 .rodata.str1.4
                0x10004600       0x89 CMakeFiles/my_DE3_Project.dir/home/admin/pico/pico-sdk/src/common/pico_sync/mutex.c.obj
 *fill*         0x10004689        0x3 
 .rodata.__func__.1
                0x1000468c        0xb CMakeFiles/my_DE3_Project.dir/home/admin/pico/pico-sdk/src/common/pico_sync/mutex.c.obj
 *fill*         0x10004697        0x1 
 .rodata.__func__.3
                0x10004698       0x18 CMakeFiles/my_DE3_Project.dir/home/admin/pico/pico-sdk/src/common/pico_sync/mutex.c.obj
 .rodata.get_entry.str1.4
                0x100046b0       0x5a CMakeFiles/my_DE3_Project.dir/home/admin/pico/pico-sdk/src/common/pico_time/time.c.obj
 *fill*         0x1000470a        0x2 
 .rodata.update_us_since_boot.str1.4
                0x1000470c       0x60 CMakeFiles/my_DE3_Project.dir/home/admin/pico/pico-sdk/src/common/pico_time/time.c.obj
 .rodata.ph_get_node.str1.4
                0x1000476c       0x65 CMakeFiles/my_DE3_Project.dir/home/admin/pico/pico-sdk/src/common/pico_time/time.c.obj
 *fill*         0x100047d1        0x3 
 .rodata.ph_add_child_node.str1.4
                0x100047d4       0x2e CMakeFiles/my_DE3_Project.dir/home/admin/pico/pico-sdk/src/common/pico_time/time.c.obj
 *fill*         0x10004802        0x2 
 .rodata.ph_insert_node.str1.4
                0x10004804        0x3 CMakeFiles/my_DE3_Project.dir/home/admin/pico/pico-sdk/src/common/pico_time/time.c.obj
 *fill*         0x10004807        0x1 
 .rodata.ph_free_node.str1.4
                0x10004808       0x38 CMakeFiles/my_DE3_Project.dir/home/admin/pico/pico-sdk/src/common/pico_time/time.c.obj
 .rodata.add_alarm_under_lock.str1.4
                0x10004840       0x28 CMakeFiles/my_DE3_Project.dir/home/admin/pico/pico-sdk/src/common/pico_time/time.c.obj
 .rodata.alarm_pool_alarm_callback.str1.4
                0x10004868       0x60 CMakeFiles/my_DE3_Project.dir/home/admin/pico/pico-sdk/src/common/pico_time/time.c.obj
 .rodata.alarm_pool_get_default.str1.4
                0x100048c8       0x21 CMakeFiles/my_DE3_Project.dir/home/admin/pico/pico-sdk/src/common/pico_time/time.c.obj
 *fill*         0x100048e9        0x3 
 .rodata.alarm_pool_cancel_alarm.str1.4
                0x100048ec       0x27 CMakeFiles/my_DE3_Project.dir/home/admin/pico/pico-sdk/src/common/pico_time/time.c.obj
 *fill*         0x10004913        0x1 
 .rodata.__func__.1
                0x10004914       0x18 CMakeFiles/my_DE3_Project.dir/home/admin/pico/pico-sdk/src/common/pico_time/time.c.obj
 .rodata.__func__.3
                0x1000492c       0x17 CMakeFiles/my_DE3_Project.dir/home/admin/pico/pico-sdk/src/common/pico_time/time.c.obj
 *fill*         0x10004943        0x1 
 .rodata.__func__.4
                0x10004944       0x12 CMakeFiles/my_DE3_Project.dir/home/admin/pico/pico-sdk/src/common/pico_time/time.c.obj
 *fill*         0x10004956        0x2 
 .rodata.__func__.5
                0x10004958        0xd CMakeFiles/my_DE3_Project.dir/home/admin/pico/pico-sdk/src/common/pico_time/time.c.obj
 *fill*         0x10004965        0x3 
 .rodata.__func__.6
                0x10004968       0x12 CMakeFiles/my_DE3_Project.dir/home/admin/pico/pico-sdk/src/common/pico_time/time.c.obj
 *fill*         0x1000497a        0x2 
 .rodata.__func__.7
                0x1000497c        0xf CMakeFiles/my_DE3_Project.dir/home/admin/pico/pico-sdk/src/common/pico_time/time.c.obj
 *fill*         0x1000498b        0x1 
 .rodata.__func__.8
                0x1000498c        0xc CMakeFiles/my_DE3_Project.dir/home/admin/pico/pico-sdk/src/common/pico_time/time.c.obj
 .rodata.__func__.9
                0x10004998       0x15 CMakeFiles/my_DE3_Project.dir/home/admin/pico/pico-sdk/src/common/pico_time/time.c.obj
 *fill*         0x100049ad        0x3 
 .rodata.__func__.10
                0x100049b0       0x15 CMakeFiles/my_DE3_Project.dir/home/admin/pico/pico-sdk/src/common/pico_time/time.c.obj
 *fill*         0x100049c5        0x3 
 .rodata.__func__.11
                0x100049c8       0x1a CMakeFiles/my_DE3_Project.dir/home/admin/pico/pico-sdk/src/common/pico_time/time.c.obj
 *fill*         0x100049e2        0x2 
 .rodata.__func__.12
                0x100049e4        0xa CMakeFiles/my_DE3_Project.dir/home/admin/pico/pico-sdk/src/common/pico_time/time.c.obj
 *fill*         0x100049ee        0x2 
 .rodata.hardware_alarm_claim.str1.4
                0x100049f0       0x22 CMakeFiles/my_DE3_Project.dir/home/admin/pico/pico-sdk/src/rp2_common/hardware_timer/timer.c.obj
 *fill*         0x10004a12        0x2 
 .rodata.hardware_alarm_set_target.str1.4
                0x10004a14       0x64 CMakeFiles/my_DE3_Project.dir/home/admin/pico/pico-sdk/src/rp2_common/hardware_timer/timer.c.obj
 .rodata.__func__.0
                0x10004a78       0x1a CMakeFiles/my_DE3_Project.dir/home/admin/pico/pico-sdk/src/rp2_common/hardware_timer/timer.c.obj
 .rodata.ph_get_node.str1.4
                0x10004a92       0x65 CMakeFiles/my_DE3_Project.dir/home/admin/pico/pico-sdk/src/common/pico_util/pheap.c.obj
 .rodata.ph_add_child_node.str1.4
                0x10004a92       0x2e CMakeFiles/my_DE3_Project.dir/home/admin/pico/pico-sdk/src/common/pico_util/pheap.c.obj
 *fill*         0x10004a92        0x2 
 .rodata.ph_remove_any_head.str1.4
                0x10004a94       0x8c CMakeFiles/my_DE3_Project.dir/home/admin/pico/pico-sdk/src/common/pico_util/pheap.c.obj
                                 0xa0 (size before relaxing)
 .rodata.ph_remove_and_free_node.str1.4
                0x10004b20       0x1e CMakeFiles/my_DE3_Project.dir/home/admin/pico/pico-sdk/src/common/pico_util/pheap.c.obj
                                 0x26 (size before relaxing)
 *fill*         0x10004b3e        0x2 
 .rodata.__func__.0
                0x10004b40       0x18 CMakeFiles/my_DE3_Project.dir/home/admin/pico/pico-sdk/src/common/pico_util/pheap.c.obj
 .rodata.__func__.1
                0x10004b58       0x13 CMakeFiles/my_DE3_Project.dir/home/admin/pico/pico-sdk/src/common/pico_util/pheap.c.obj
 *fill*         0x10004b6b        0x1 
 .rodata.__func__.2
                0x10004b6c       0x12 CMakeFiles/my_DE3_Project.dir/home/admin/pico/pico-sdk/src/common/pico_util/pheap.c.obj
 *fill*         0x10004b7e        0x2 
 .rodata.__func__.3
                0x10004b80        0xc CMakeFiles/my_DE3_Project.dir/home/admin/pico/pico-sdk/src/common/pico_util/pheap.c.obj
 .rodata.clock_configure.str1.4
                0x10004b8c       0x56 CMakeFiles/my_DE3_Project.dir/home/admin/pico/pico-sdk/src/rp2_common/hardware_clocks/clocks.c.obj
 *fill*         0x10004be2        0x2 
 .rodata.__func__.1
                0x10004be4       0x10 CMakeFiles/my_DE3_Project.dir/home/admin/pico/pico-sdk/src/rp2_common/hardware_clocks/clocks.c.obj
 .rodata.pll_init.str1.4
                0x10004bf4      0x120 CMakeFiles/my_DE3_Project.dir/home/admin/pico/pico-sdk/src/rp2_common/hardware_pll/pll.c.obj
 .rodata.__func__.0
                0x10004d14        0x9 CMakeFiles/my_DE3_Project.dir/home/admin/pico/pico-sdk/src/rp2_common/hardware_pll/pll.c.obj
 *fill*         0x10004d1d        0x3 
 .rodata.__assert_func.str1.4
                0x10004d20       0x3f CMakeFiles/my_DE3_Project.dir/home/admin/pico/pico-sdk/src/rp2_common/pico_runtime/runtime.c.obj
                                 0x43 (size before relaxing)
 *fill*         0x10004d5f        0x1 
 .rodata.runtime_init.str1.4
                0x10004d60       0x60 CMakeFiles/my_DE3_Project.dir/home/admin/pico/pico-sdk/src/rp2_common/pico_runtime/runtime.c.obj
 .rodata.panic.str1.4
                0x10004dc0       0x12 CMakeFiles/my_DE3_Project.dir/home/admin/pico/pico-sdk/src/rp2_common/pico_runtime/runtime.c.obj
 *fill*         0x10004dd2        0x2 
 .rodata.__func__.2
                0x10004dd4        0xd CMakeFiles/my_DE3_Project.dir/home/admin/pico/pico-sdk/src/rp2_common/pico_runtime/runtime.c.obj
 *fill*         0x10004de1        0x3 
 .rodata._ftoa.str1.4
                0x10004de4       0x15 CMakeFiles/my_DE3_Project.dir/home/admin/pico/pico-sdk/src/rp2_common/pico_printf/printf.c.obj
 *fill*         0x10004df9        0x3 
 .rodata._vsnprintf
                0x10004dfc      0x19c CMakeFiles/my_DE3_Project.dir/home/admin/pico/pico-sdk/src/rp2_common/pico_printf/printf.c.obj
 .rodata.pow10.0
                0x10004f98       0x50 CMakeFiles/my_DE3_Project.dir/home/admin/pico/pico-sdk/src/rp2_common/pico_printf/printf.c.obj
 .rodata.__aeabi_double_init.str1.4
                0x10004fe8       0x9b CMakeFiles/my_DE3_Project.dir/home/admin/pico/pico-sdk/src/rp2_common/pico_double/double_init_rom.c.obj
 *fill*         0x10005083        0x1 
 .rodata.__func__.0
                0x10005084       0x14 CMakeFiles/my_DE3_Project.dir/home/admin/pico/pico-sdk/src/rp2_common/pico_double/double_init_rom.c.obj
 .rodata.__aeabi_float_init.str1.4
                0x10005098       0x79 CMakeFiles/my_DE3_Project.dir/home/admin/pico/pico-sdk/src/rp2_common/pico_float/float_init_rom.c.obj
                                 0x7d (size before relaxing)
 *fill*         0x10005111        0x3 
 .rodata.__func__.0
                0x10005114       0x13 CMakeFiles/my_DE3_Project.dir/home/admin/pico/pico-sdk/src/rp2_common/pico_float/float_init_rom.c.obj
 *fill*         0x10005127        0x1 
 .rodata.str1.4
                0x10005128       0x44 CMakeFiles/my_DE3_Project.dir/home/admin/pico/pico-sdk/src/rp2_common/pico_standard_link/binary_info.c.obj
 .rodata.__bi_81
                0x1000516c        0xc CMakeFiles/my_DE3_Project.dir/home/admin/pico/pico-sdk/src/rp2_common/pico_standard_link/binary_info.c.obj
 .rodata.__bi_75
                0x10005178        0xc CMakeFiles/my_DE3_Project.dir/home/admin/pico/pico-sdk/src/rp2_common/pico_standard_link/binary_info.c.obj
 .rodata.__bi_44
                0x10005184        0xc CMakeFiles/my_DE3_Project.dir/home/admin/pico/pico-sdk/src/rp2_common/pico_standard_link/binary_info.c.obj
 .rodata.update_us_since_boot.str1.4
                0x10005190       0x60 CMakeFiles/my_DE3_Project.dir/home/admin/pico/pico-sdk/src/rp2_common/pico_stdio/stdio.c.obj
 .rodata.crlf_str.2
                0x10005190        0x2 CMakeFiles/my_DE3_Project.dir/home/admin/pico/pico-sdk/src/rp2_common/pico_stdio/stdio.c.obj
 *fill*         0x10005192        0x2 
 .rodata.__func__.3
                0x10005194       0x15 CMakeFiles/my_DE3_Project.dir/home/admin/pico/pico-sdk/src/rp2_common/pico_stdio/stdio.c.obj
 *fill*         0x100051a9        0x3 
 .rodata.str1.4
                0x100051ac      0x156 CMakeFiles/my_DE3_Project.dir/home/admin/pico/pico-sdk/src/rp2_common/hardware_flash/flash.c.obj
 *fill*         0x10005302        0x2 
 .rodata.__func__.0
                0x10005304        0xd CMakeFiles/my_DE3_Project.dir/home/admin/pico/pico-sdk/src/rp2_common/hardware_flash/flash.c.obj
                0x10005314                        . = ALIGN (0x4)
 *fill*         0x10005311        0x3 
 *(SORT_BY_ALIGNMENT(SORT_BY_NAME(.flashdata*)))
                0x10005314                        . = ALIGN (0x4)

.ARM.extab
 *(.ARM.extab* .gnu.linkonce.armextab.*)
                0x10005314                        __exidx_start = .

.ARM.exidx
 *(.ARM.exidx* .gnu.linkonce.armexidx.*)
                0x10005314                        __exidx_end = .
                0x10005314                        . = ALIGN (0x4)
                0x10005314                        __binary_info_start = .

.binary_info    0x10005314       0x1c
 *(.binary_info.keep.*)
 .binary_info.keep.__bi_ptr81
                0x10005314        0x4 CMakeFiles/my_DE3_Project.dir/home/admin/pico/pico-sdk/src/rp2_common/pico_standard_link/binary_info.c.obj
 .binary_info.keep.__bi_ptr75
                0x10005318        0x4 CMakeFiles/my_DE3_Project.dir/home/admin/pico/pico-sdk/src/rp2_common/pico_standard_link/binary_info.c.obj
 .binary_info.keep.__bi_ptr50
                0x1000531c        0x4 CMakeFiles/my_DE3_Project.dir/home/admin/pico/pico-sdk/src/rp2_common/pico_standard_link/binary_info.c.obj
 .binary_info.keep.__bi_ptr44
                0x10005320        0x4 CMakeFiles/my_DE3_Project.dir/home/admin/pico/pico-sdk/src/rp2_common/pico_standard_link/binary_info.c.obj
 .binary_info.keep.__bi_ptr38
                0x10005324        0x4 CMakeFiles/my_DE3_Project.dir/home/admin/pico/pico-sdk/src/rp2_common/pico_standard_link/binary_info.c.obj
 .binary_info.keep.__bi_ptr30
                0x10005328        0x4 CMakeFiles/my_DE3_Project.dir/home/admin/pico/pico-sdk/src/rp2_common/pico_standard_link/binary_info.c.obj
 .binary_info.keep.__bi_ptr22
                0x1000532c        0x4 CMakeFiles/my_DE3_Project.dir/home/admin/pico/pico-sdk/src/rp2_common/pico_standard_link/binary_info.c.obj
 *(.binary_info.*)
                0x10005330                        __binary_info_end = .

.rel.dyn        0x10005330        0x0
 .rel.iplt      0x10005330        0x0 /usr/lib/gcc/arm-none-eabi/12.2.1/thumb/v6-m/nofp/crtbegin.o
                0x10005330                        . = ALIGN (0x4)

.ram_vector_table
                0x20000000       0xc0
 *(.ram_vector_table)
 .ram_vector_table
                0x20000000       0xc0 CMakeFiles/my_DE3_Project.dir/home/admin/pico/pico-sdk/src/rp2_common/pico_runtime/runtime.c.obj
                0x20000000                ram_vector_table

.data           0x200000c0      0x370 load address 0x10005330
                0x200000c0                        __data_start__ = .
 *(vtable)
 *(.time_critical*)
 .time_critical.mutex_try_enter
                0x200000c0       0x46 CMakeFiles/my_DE3_Project.dir/home/admin/pico/pico-sdk/src/common/pico_sync/mutex.c.obj
                0x200000c0                mutex_try_enter
 *fill*         0x20000106        0x2 
 .time_critical.mutex_enter_block_until
                0x20000108       0x8c CMakeFiles/my_DE3_Project.dir/home/admin/pico/pico-sdk/src/common/pico_sync/mutex.c.obj
                0x20000108                mutex_enter_block_until
 .time_critical.mutex_try_enter_block_until
                0x20000194       0x34 CMakeFiles/my_DE3_Project.dir/home/admin/pico/pico-sdk/src/common/pico_sync/mutex.c.obj
                0x20000194                mutex_try_enter_block_until
 .time_critical.mutex_exit
                0x200001c8       0x4c CMakeFiles/my_DE3_Project.dir/home/admin/pico/pico-sdk/src/common/pico_sync/mutex.c.obj
                0x200001c8                mutex_exit
 .time_critical.flash_init_boot2_copyout
                0x20000214       0x30 CMakeFiles/my_DE3_Project.dir/home/admin/pico/pico-sdk/src/rp2_common/hardware_flash/flash.c.obj
 .time_critical.flash_enable_xip_via_boot2
                0x20000244        0xc CMakeFiles/my_DE3_Project.dir/home/admin/pico/pico-sdk/src/rp2_common/hardware_flash/flash.c.obj
 .time_critical.flash_cs_force
                0x20000250       0x28 CMakeFiles/my_DE3_Project.dir/home/admin/pico/pico-sdk/src/rp2_common/hardware_flash/flash.c.obj
 .time_critical.flash_do_cmd
                0x20000278       0xd8 CMakeFiles/my_DE3_Project.dir/home/admin/pico/pico-sdk/src/rp2_common/hardware_flash/flash.c.obj
                0x20000278                flash_do_cmd
 *(.text*)
 .text          0x20000350        0x4 /usr/lib/gcc/arm-none-eabi/12.2.1/thumb/v6-m/nofp/libgcc.a(_dvmd_tls.o)
                0x20000350                __aeabi_ldiv0
                0x20000350                __aeabi_idiv0
 *fill*         0x20000354        0x4 
 .text.__stub   0x20000358       0x20 linker stubs
                0x20000378                        . = ALIGN (0x4)
 *(.rodata*)
                0x20000378                        . = ALIGN (0x4)
 *(.data*)
 .data.striped_spin_lock_num
                0x20000378        0x1 CMakeFiles/my_DE3_Project.dir/home/admin/pico/pico-sdk/src/rp2_common/hardware_sync/sync.c.obj
 *fill*         0x20000379        0x3 
 .data          0x2000037c       0x48 CMakeFiles/my_DE3_Project.dir/home/admin/pico/pico-sdk/src/rp2_common/hardware_irq/irq_handler_chain.S.obj
                0x2000037c                irq_handler_chain_slots
                0x200003ac                irq_handler_chain_first_slot
                0x200003b6                irq_handler_chain_remove_tail
 .data.default_alarm_pool
                0x200003c4       0x18 CMakeFiles/my_DE3_Project.dir/home/admin/pico/pico-sdk/src/common/pico_time/time.c.obj
 .data.default_alarm_pool_heap
                0x200003dc       0x10 CMakeFiles/my_DE3_Project.dir/home/admin/pico/pico-sdk/src/common/pico_time/time.c.obj
 *fill*         0x200003ec        0x4 
 .data.aeabi_bits_funcs
                0x200003f0       0x10 CMakeFiles/my_DE3_Project.dir/home/admin/pico/pico-sdk/src/rp2_common/pico_bit_ops/bit_ops_aeabi.S.obj
                0x200003f0                aeabi_bits_funcs
                0x20000400                aeabi_bits_funcs_end
 .data.aeabi_mem_funcs
                0x20000400       0x10 CMakeFiles/my_DE3_Project.dir/home/admin/pico/pico-sdk/src/rp2_common/pico_mem_ops/mem_ops_aeabi.S.obj
                0x20000400                aeabi_mem_funcs
                0x20000410                aeabi_mem_funcs_end
                0x20000410                        . = ALIGN (0x4)
 *(.after_data.*)
                0x20000410                        . = ALIGN (0x4)
                0x20000410                        PROVIDE (__mutex_array_start = .)
 *(SORT_BY_NAME(.mutex_array.*))
 *(.mutex_array)
 .mutex_array   0x20000410        0x8 CMakeFiles/my_DE3_Project.dir/home/admin/pico/pico-sdk/src/rp2_common/pico_stdio/stdio.c.obj
                0x20000418                        PROVIDE (__mutex_array_end = .)
                0x20000418                        . = ALIGN (0x4)
                0x20000418                        PROVIDE (__preinit_array_start = .)
 *(SORT_BY_NAME(.preinit_array.*))
 .preinit_array.00001
                0x20000418        0x4 CMakeFiles/my_DE3_Project.dir/home/admin/pico/pico-sdk/src/rp2_common/pico_mem_ops/mem_ops_aeabi.S.obj
 .preinit_array.00010
                0x2000041c        0x4 CMakeFiles/my_DE3_Project.dir/home/admin/pico/pico-sdk/src/rp2_common/pico_bit_ops/bit_ops_aeabi.S.obj
 .preinit_array.00020
                0x20000420        0x4 CMakeFiles/my_DE3_Project.dir/home/admin/pico/pico-sdk/src/rp2_common/pico_double/double_aeabi.S.obj
 .preinit_array.00020
                0x20000424        0x4 CMakeFiles/my_DE3_Project.dir/home/admin/pico/pico-sdk/src/rp2_common/pico_float/float_aeabi.S.obj
 *(.preinit_array)
                0x20000428                        PROVIDE (__preinit_array_end = .)
                0x20000428                        . = ALIGN (0x4)
                0x20000428                        PROVIDE (__init_array_start = .)
 *(SORT_BY_NAME(.init_array.*))
 *(.init_array)
 .init_array    0x20000428        0x4 /usr/lib/gcc/arm-none-eabi/12.2.1/thumb/v6-m/nofp/crtbegin.o
 .init_array    0x2000042c        0x4 CMakeFiles/my_DE3_Project.dir/home/admin/pico/pico-sdk/src/rp2_common/pico_unique_id/unique_id.c.obj
                0x20000430                        PROVIDE (__init_array_end = .)
                0x20000430                        . = ALIGN (0x4)
                0x20000430                        PROVIDE (__fini_array_start = .)
 *(SORT_BY_NAME(.fini_array.*))
 *(.fini_array)
                0x20000430                        PROVIDE (__fini_array_end = .)
 *(.jcr)
                0x20000430                        . = ALIGN (0x4)
                0x20000430                        __data_end__ = .
                0x10005330                        __etext = LOADADDR (.data)

.tm_clone_table
                0x20000430        0x0 load address 0x100056a0
 .tm_clone_table
                0x20000430        0x0 /usr/lib/gcc/arm-none-eabi/12.2.1/thumb/v6-m/nofp/crtbegin.o
 .tm_clone_table
                0x20000430        0x0 /usr/lib/gcc/arm-none-eabi/12.2.1/thumb/v6-m/nofp/crtend.o

.igot.plt       0x20000430        0x0 load address 0x100056a0
 .igot.plt      0x20000430        0x0 /usr/lib/gcc/arm-none-eabi/12.2.1/thumb/v6-m/nofp/crtbegin.o

.uninitialized_data
                0x20000430        0x0 load address 0x100056a0
                0x20000430                        . = ALIGN (0x4)
 *(.uninitialized_data*)

.scratch_x      0x20040000        0x0 load address 0x100056a0
                0x20040000                        __scratch_x_start__ = .
 *(.scratch_x.*)
                0x20040000                        . = ALIGN (0x4)
                0x20040000                        __scratch_x_end__ = .
                0x100056a0                        __scratch_x_source__ = LOADADDR (.scratch_x)

.scratch_y      0x20041000        0x0 load address 0x100056a0
                0x20041000                        __scratch_y_start__ = .
 *(.scratch_y.*)
                0x20041000                        . = ALIGN (0x4)
                0x20041000                        __scratch_y_end__ = .
                0x100056a0                        __scratch_y_source__ = LOADADDR (.scratch_y)

.bss            0x20000430      0x4ec
                0x20000430                        . = ALIGN (0x4)
                0x20000430                        __bss_start__ = .
 *(SORT_BY_ALIGNMENT(SORT_BY_NAME(.bss*)))
 .bss.default_alarm_pool_entries
                0x20000430      0x100 CMakeFiles/my_DE3_Project.dir/home/admin/pico/pico-sdk/src/common/pico_time/time.c.obj
 .bss.lastTime_us.1
                0x20000530        0x8 CMakeFiles/my_DE3_Project.dir/display7Seg4D.c.obj
 .bss           0x20000538       0x1c /usr/lib/gcc/arm-none-eabi/12.2.1/thumb/v6-m/nofp/crtbegin.o
 .bss.alarm_callbacks
                0x20000554       0x10 CMakeFiles/my_DE3_Project.dir/home/admin/pico/pico-sdk/src/rp2_common/hardware_timer/timer.c.obj
 .bss.boot2_copyout
                0x20000564      0x100 CMakeFiles/my_DE3_Project.dir/home/admin/pico/pico-sdk/src/rp2_common/hardware_flash/flash.c.obj
 .bss.configured_freq
                0x20000664       0x28 CMakeFiles/my_DE3_Project.dir/home/admin/pico/pico-sdk/src/rp2_common/hardware_clocks/clocks.c.obj
 .bss.default_alarm_pool_entry_ids_high
                0x2000068c       0x10 CMakeFiles/my_DE3_Project.dir/home/admin/pico/pico-sdk/src/common/pico_time/time.c.obj
 .bss.default_alarm_pool_heap_nodes
                0x2000069c       0x30 CMakeFiles/my_DE3_Project.dir/home/admin/pico/pico-sdk/src/common/pico_time/time.c.obj
 .bss.digits.3  0x200006cc        0x4 CMakeFiles/my_DE3_Project.dir/display7Seg4D.c.obj
 .bss.diodesON.4
                0x200006d0        0x7 CMakeFiles/my_DE3_Project.dir/display7Seg4D.c.obj
 *fill*         0x200006d7        0x1 
 .bss.drivers   0x200006d8        0x4 CMakeFiles/my_DE3_Project.dir/home/admin/pico/pico-sdk/src/rp2_common/pico_stdio/stdio.c.obj
 .bss.enables.2
                0x200006dc        0x4 CMakeFiles/my_DE3_Project.dir/display7Seg4D.c.obj
 .bss.filter    0x200006e0        0x4 CMakeFiles/my_DE3_Project.dir/home/admin/pico/pico-sdk/src/rp2_common/pico_stdio/stdio.c.obj
 .bss.pools     0x200006e4       0x10 CMakeFiles/my_DE3_Project.dir/home/admin/pico/pico-sdk/src/common/pico_time/time.c.obj
 .bss.retrieved_id
                0x200006f4        0x8 CMakeFiles/my_DE3_Project.dir/home/admin/pico/pico-sdk/src/rp2_common/pico_unique_id/unique_id.c.obj
 .bss.sd_table  0x200006fc      0x100 CMakeFiles/my_DE3_Project.dir/home/admin/pico/pico-sdk/src/rp2_common/pico_double/double_init_rom.c.obj
                0x200006fc                sd_table
 .bss.sf_clz_func
                0x200007fc        0x4 CMakeFiles/my_DE3_Project.dir/home/admin/pico/pico-sdk/src/rp2_common/pico_double/double_init_rom.c.obj
                0x200007fc                sf_clz_func
 .bss.sf_table  0x20000800      0x100 CMakeFiles/my_DE3_Project.dir/home/admin/pico/pico-sdk/src/rp2_common/pico_float/float_init_rom.c.obj
                0x20000800                sf_table
 .bss.sleep_notifier
                0x20000900        0x4 CMakeFiles/my_DE3_Project.dir/home/admin/pico/pico-sdk/src/common/pico_time/time.c.obj
 .bss.target_hi
                0x20000904       0x10 CMakeFiles/my_DE3_Project.dir/home/admin/pico/pico-sdk/src/rp2_common/hardware_timer/timer.c.obj
 .bss.actualDisplay.0
                0x20000914        0x1 CMakeFiles/my_DE3_Project.dir/display7Seg4D.c.obj
 .bss.boot2_copyout_valid
                0x20000915        0x1 CMakeFiles/my_DE3_Project.dir/home/admin/pico/pico-sdk/src/rp2_common/hardware_flash/flash.c.obj
 .bss.claimed   0x20000916        0x1 CMakeFiles/my_DE3_Project.dir/home/admin/pico/pico-sdk/src/rp2_common/hardware_timer/timer.c.obj
 .bss.irq_hander_chain_free_slot_head
                0x20000917        0x1 CMakeFiles/my_DE3_Project.dir/home/admin/pico/pico-sdk/src/rp2_common/hardware_irq/irq.c.obj
 .bss.timer_callbacks_pending
                0x20000918        0x1 CMakeFiles/my_DE3_Project.dir/home/admin/pico/pico-sdk/src/rp2_common/hardware_timer/timer.c.obj
 *(COMMON)
                0x2000091c                        . = ALIGN (0x4)
 *fill*         0x20000919        0x3 
                0x2000091c                        __bss_end__ = .

.heap           0x2000091c      0x800
                0x2000091c                        __end__ = .
                0x2000091c                        end = __end__
 *(.heap*)
 .heap          0x2000091c      0x800 CMakeFiles/my_DE3_Project.dir/home/admin/pico/pico-sdk/src/rp2_common/pico_standard_link/crt0.S.obj
                0x2000111c                        __HeapLimit = .

.stack1_dummy
 *(.stack1*)

.stack_dummy    0x20041000      0x800
 *(.stack*)
 .stack         0x20041000      0x800 CMakeFiles/my_DE3_Project.dir/home/admin/pico/pico-sdk/src/rp2_common/pico_standard_link/crt0.S.obj

.flash_end      0x100056a0        0x0
                0x100056a0                        PROVIDE (__flash_binary_end = .)
                0x20040000                        __StackLimit = (ORIGIN (RAM) + LENGTH (RAM))
                0x20041000                        __StackOneTop = (ORIGIN (SCRATCH_X) + LENGTH (SCRATCH_X))
                0x20042000                        __StackTop = (ORIGIN (SCRATCH_Y) + LENGTH (SCRATCH_Y))
                0x20041000                        __StackOneBottom = (__StackOneTop - SIZEOF (.stack1_dummy))
                0x20041800                        __StackBottom = (__StackTop - SIZEOF (.stack_dummy))
                0x20042000                        PROVIDE (__stack = __StackTop)
                0x00000001                        ASSERT ((__StackLimit >= __HeapLimit), region RAM overflowed)
                0x00000001                        ASSERT (((__binary_info_header_end - __logical_binary_start) <= 0x100), Binary info must be in first 256 bytes of the binary)
LOAD CMakeFiles/my_DE3_Project.dir/main.c.obj
LOAD CMakeFiles/my_DE3_Project.dir/display7Seg4D.c.obj
LOAD CMakeFiles/my_DE3_Project.dir/game.c.obj
LOAD CMakeFiles/my_DE3_Project.dir/home/admin/pico/pico-sdk/src/rp2_common/pico_stdlib/stdlib.c.obj
LOAD CMakeFiles/my_DE3_Project.dir/home/admin/pico/pico-sdk/src/rp2_common/hardware_gpio/gpio.c.obj
LOAD CMakeFiles/my_DE3_Project.dir/home/admin/pico/pico-sdk/src/rp2_common/pico_platform/platform.c.obj
LOAD CMakeFiles/my_DE3_Project.dir/home/admin/pico/pico-sdk/src/rp2_common/hardware_claim/claim.c.obj
LOAD CMakeFiles/my_DE3_Project.dir/home/admin/pico/pico-sdk/src/rp2_common/hardware_sync/sync.c.obj
LOAD CMakeFiles/my_DE3_Project.dir/home/admin/pico/pico-sdk/src/rp2_common/hardware_irq/irq.c.obj
LOAD CMakeFiles/my_DE3_Project.dir/home/admin/pico/pico-sdk/src/rp2_common/hardware_irq/irq_handler_chain.S.obj
LOAD CMakeFiles/my_DE3_Project.dir/home/admin/pico/pico-sdk/src/common/pico_sync/sem.c.obj
LOAD CMakeFiles/my_DE3_Project.dir/home/admin/pico/pico-sdk/src/common/pico_sync/lock_core.c.obj
LOAD CMakeFiles/my_DE3_Project.dir/home/admin/pico/pico-sdk/src/common/pico_sync/mutex.c.obj
LOAD CMakeFiles/my_DE3_Project.dir/home/admin/pico/pico-sdk/src/common/pico_sync/critical_section.c.obj
LOAD CMakeFiles/my_DE3_Project.dir/home/admin/pico/pico-sdk/src/common/pico_time/time.c.obj
LOAD CMakeFiles/my_DE3_Project.dir/home/admin/pico/pico-sdk/src/common/pico_time/timeout_helper.c.obj
LOAD CMakeFiles/my_DE3_Project.dir/home/admin/pico/pico-sdk/src/rp2_common/hardware_timer/timer.c.obj
LOAD CMakeFiles/my_DE3_Project.dir/home/admin/pico/pico-sdk/src/common/pico_util/datetime.c.obj
LOAD CMakeFiles/my_DE3_Project.dir/home/admin/pico/pico-sdk/src/common/pico_util/pheap.c.obj
LOAD CMakeFiles/my_DE3_Project.dir/home/admin/pico/pico-sdk/src/common/pico_util/queue.c.obj
LOAD CMakeFiles/my_DE3_Project.dir/home/admin/pico/pico-sdk/src/rp2_common/hardware_uart/uart.c.obj
LOAD CMakeFiles/my_DE3_Project.dir/home/admin/pico/pico-sdk/src/rp2_common/hardware_clocks/clocks.c.obj
LOAD CMakeFiles/my_DE3_Project.dir/home/admin/pico/pico-sdk/src/rp2_common/hardware_pll/pll.c.obj
LOAD CMakeFiles/my_DE3_Project.dir/home/admin/pico/pico-sdk/src/rp2_common/hardware_vreg/vreg.c.obj
LOAD CMakeFiles/my_DE3_Project.dir/home/admin/pico/pico-sdk/src/rp2_common/hardware_watchdog/watchdog.c.obj
LOAD CMakeFiles/my_DE3_Project.dir/home/admin/pico/pico-sdk/src/rp2_common/hardware_xosc/xosc.c.obj
LOAD CMakeFiles/my_DE3_Project.dir/home/admin/pico/pico-sdk/src/rp2_common/hardware_divider/divider.S.obj
LOAD CMakeFiles/my_DE3_Project.dir/home/admin/pico/pico-sdk/src/rp2_common/pico_runtime/runtime.c.obj
LOAD CMakeFiles/my_DE3_Project.dir/home/admin/pico/pico-sdk/src/rp2_common/pico_printf/printf.c.obj
LOAD CMakeFiles/my_DE3_Project.dir/home/admin/pico/pico-sdk/src/rp2_common/pico_bit_ops/bit_ops_aeabi.S.obj
LOAD CMakeFiles/my_DE3_Project.dir/home/admin/pico/pico-sdk/src/rp2_common/pico_bootrom/bootrom.c.obj
LOAD CMakeFiles/my_DE3_Project.dir/home/admin/pico/pico-sdk/src/rp2_common/pico_divider/divider.S.obj
LOAD CMakeFiles/my_DE3_Project.dir/home/admin/pico/pico-sdk/src/rp2_common/pico_double/double_aeabi.S.obj
LOAD CMakeFiles/my_DE3_Project.dir/home/admin/pico/pico-sdk/src/rp2_common/pico_double/double_init_rom.c.obj
LOAD CMakeFiles/my_DE3_Project.dir/home/admin/pico/pico-sdk/src/rp2_common/pico_double/double_math.c.obj
LOAD CMakeFiles/my_DE3_Project.dir/home/admin/pico/pico-sdk/src/rp2_common/pico_double/double_v1_rom_shim.S.obj
LOAD CMakeFiles/my_DE3_Project.dir/home/admin/pico/pico-sdk/src/rp2_common/pico_int64_ops/pico_int64_ops_aeabi.S.obj
LOAD CMakeFiles/my_DE3_Project.dir/home/admin/pico/pico-sdk/src/rp2_common/pico_float/float_aeabi.S.obj
LOAD CMakeFiles/my_DE3_Project.dir/home/admin/pico/pico-sdk/src/rp2_common/pico_float/float_init_rom.c.obj
LOAD CMakeFiles/my_DE3_Project.dir/home/admin/pico/pico-sdk/src/rp2_common/pico_float/float_math.c.obj
LOAD CMakeFiles/my_DE3_Project.dir/home/admin/pico/pico-sdk/src/rp2_common/pico_float/float_v1_rom_shim.S.obj
LOAD CMakeFiles/my_DE3_Project.dir/home/admin/pico/pico-sdk/src/rp2_common/pico_malloc/pico_malloc.c.obj
LOAD CMakeFiles/my_DE3_Project.dir/home/admin/pico/pico-sdk/src/rp2_common/pico_mem_ops/mem_ops_aeabi.S.obj
LOAD CMakeFiles/my_DE3_Project.dir/home/admin/pico/pico-sdk/src/rp2_common/pico_standard_link/crt0.S.obj
LOAD CMakeFiles/my_DE3_Project.dir/home/admin/pico/pico-sdk/src/rp2_common/pico_standard_link/new_delete.cpp.obj
LOAD CMakeFiles/my_DE3_Project.dir/home/admin/pico/pico-sdk/src/rp2_common/pico_standard_link/binary_info.c.obj
LOAD CMakeFiles/my_DE3_Project.dir/home/admin/pico/pico-sdk/src/rp2_common/pico_stdio/stdio.c.obj
LOAD CMakeFiles/my_DE3_Project.dir/home/admin/pico/pico-sdk/src/rp2_common/pico_stdio_usb/reset_interface.c.obj
LOAD CMakeFiles/my_DE3_Project.dir/home/admin/pico/pico-sdk/src/rp2_common/pico_stdio_usb/stdio_usb.c.obj
LOAD CMakeFiles/my_DE3_Project.dir/home/admin/pico/pico-sdk/src/rp2_common/pico_stdio_usb/stdio_usb_descriptors.c.obj
LOAD CMakeFiles/my_DE3_Project.dir/home/admin/pico/pico-sdk/src/rp2_common/pico_unique_id/unique_id.c.obj
LOAD CMakeFiles/my_DE3_Project.dir/home/admin/pico/pico-sdk/src/rp2_common/hardware_flash/flash.c.obj
LOAD CMakeFiles/my_DE3_Project.dir/home/admin/pico/pico-sdk/lib/tinyusb/src/portable/raspberrypi/rp2040/dcd_rp2040.c.obj
LOAD CMakeFiles/my_DE3_Project.dir/home/admin/pico/pico-sdk/lib/tinyusb/src/portable/raspberrypi/rp2040/rp2040_usb.c.obj
LOAD CMakeFiles/my_DE3_Project.dir/home/admin/pico/pico-sdk/lib/tinyusb/src/device/usbd.c.obj
LOAD CMakeFiles/my_DE3_Project.dir/home/admin/pico/pico-sdk/lib/tinyusb/src/device/usbd_control.c.obj
LOAD CMakeFiles/my_DE3_Project.dir/home/admin/pico/pico-sdk/lib/tinyusb/src/class/audio/audio_device.c.obj
LOAD CMakeFiles/my_DE3_Project.dir/home/admin/pico/pico-sdk/lib/tinyusb/src/class/cdc/cdc_device.c.obj
LOAD CMakeFiles/my_DE3_Project.dir/home/admin/pico/pico-sdk/lib/tinyusb/src/class/dfu/dfu_device.c.obj
LOAD CMakeFiles/my_DE3_Project.dir/home/admin/pico/pico-sdk/lib/tinyusb/src/class/dfu/dfu_rt_device.c.obj
LOAD CMakeFiles/my_DE3_Project.dir/home/admin/pico/pico-sdk/lib/tinyusb/src/class/hid/hid_device.c.obj
LOAD CMakeFiles/my_DE3_Project.dir/home/admin/pico/pico-sdk/lib/tinyusb/src/class/midi/midi_device.c.obj
LOAD CMakeFiles/my_DE3_Project.dir/home/admin/pico/pico-sdk/lib/tinyusb/src/class/msc/msc_device.c.obj
LOAD CMakeFiles/my_DE3_Project.dir/home/admin/pico/pico-sdk/lib/tinyusb/src/class/net/ecm_rndis_device.c.obj
LOAD CMakeFiles/my_DE3_Project.dir/home/admin/pico/pico-sdk/lib/tinyusb/src/class/net/ncm_device.c.obj
LOAD CMakeFiles/my_DE3_Project.dir/home/admin/pico/pico-sdk/lib/tinyusb/src/class/usbtmc/usbtmc_device.c.obj
LOAD CMakeFiles/my_DE3_Project.dir/home/admin/pico/pico-sdk/lib/tinyusb/src/class/vendor/vendor_device.c.obj
LOAD CMakeFiles/my_DE3_Project.dir/home/admin/pico/pico-sdk/lib/tinyusb/src/class/video/video_device.c.obj
LOAD CMakeFiles/my_DE3_Project.dir/home/admin/pico/pico-sdk/lib/tinyusb/src/tusb.c.obj
LOAD CMakeFiles/my_DE3_Project.dir/home/admin/pico/pico-sdk/lib/tinyusb/src/common/tusb_fifo.c.obj
LOAD CMakeFiles/my_DE3_Project.dir/home/admin/pico/pico-sdk/src/rp2_common/pico_fix/rp2040_usb_device_enumeration/rp2040_usb_device_enumeration.c.obj
LOAD /tmp/ccvnRWPb.o
LOAD /usr/lib/gcc/arm-none-eabi/12.2.1/../../../arm-none-eabi/lib/thumb/v6-m/nofp/libstdc++.a
LOAD /usr/lib/gcc/arm-none-eabi/12.2.1/../../../arm-none-eabi/lib/thumb/v6-m/nofp/libm.a
START GROUP
LOAD /usr/lib/gcc/arm-none-eabi/12.2.1/thumb/v6-m/nofp/libgcc.a
LOAD /usr/lib/gcc/arm-none-eabi/12.2.1/../../../arm-none-eabi/lib/thumb/v6-m/nofp/libg.a
LOAD /usr/lib/gcc/arm-none-eabi/12.2.1/../../../arm-none-eabi/lib/thumb/v6-m/nofp/libc.a
END GROUP
START GROUP
LOAD /usr/lib/gcc/arm-none-eabi/12.2.1/thumb/v6-m/nofp/libgcc.a
LOAD /usr/lib/gcc/arm-none-eabi/12.2.1/../../../arm-none-eabi/lib/thumb/v6-m/nofp/libc.a
LOAD /usr/lib/gcc/arm-none-eabi/12.2.1/../../../arm-none-eabi/lib/thumb/v6-m/nofp/libnosys.a
END GROUP
LOAD /usr/lib/gcc/arm-none-eabi/12.2.1/thumb/v6-m/nofp/crtend.o
LOAD /usr/lib/gcc/arm-none-eabi/12.2.1/thumb/v6-m/nofp/crtn.o
OUTPUT(my_DE3_Project.elf elf32-littlearm)
LOAD linker stubs

.ARM.attributes
                0x00000000       0x28
 .ARM.attributes
                0x00000000       0x1e /usr/lib/gcc/arm-none-eabi/12.2.1/thumb/v6-m/nofp/crti.o
 .ARM.attributes
                0x0000001e       0x2c /usr/lib/gcc/arm-none-eabi/12.2.1/thumb/v6-m/nofp/crtbegin.o
 .ARM.attributes
                0x0000004a       0x2c CMakeFiles/my_DE3_Project.dir/main.c.obj
 .ARM.attributes
                0x00000076       0x2c CMakeFiles/my_DE3_Project.dir/display7Seg4D.c.obj
 .ARM.attributes
                0x000000a2       0x2c CMakeFiles/my_DE3_Project.dir/game.c.obj
 .ARM.attributes
                0x000000ce       0x2c CMakeFiles/my_DE3_Project.dir/home/admin/pico/pico-sdk/src/rp2_common/hardware_gpio/gpio.c.obj
 .ARM.attributes
                0x000000fa       0x2c CMakeFiles/my_DE3_Project.dir/home/admin/pico/pico-sdk/src/rp2_common/pico_platform/platform.c.obj
 .ARM.attributes
                0x00000126       0x2c CMakeFiles/my_DE3_Project.dir/home/admin/pico/pico-sdk/src/rp2_common/hardware_claim/claim.c.obj
 .ARM.attributes
                0x00000152       0x2c CMakeFiles/my_DE3_Project.dir/home/admin/pico/pico-sdk/src/rp2_common/hardware_sync/sync.c.obj
 .ARM.attributes
                0x0000017e       0x2c CMakeFiles/my_DE3_Project.dir/home/admin/pico/pico-sdk/src/rp2_common/hardware_irq/irq.c.obj
 .ARM.attributes
                0x000001aa       0x22 CMakeFiles/my_DE3_Project.dir/home/admin/pico/pico-sdk/src/rp2_common/hardware_irq/irq_handler_chain.S.obj
 .ARM.attributes
                0x000001cc       0x2c CMakeFiles/my_DE3_Project.dir/home/admin/pico/pico-sdk/src/common/pico_sync/lock_core.c.obj
 .ARM.attributes
                0x000001f8       0x2c CMakeFiles/my_DE3_Project.dir/home/admin/pico/pico-sdk/src/common/pico_sync/mutex.c.obj
 .ARM.attributes
                0x00000224       0x2c CMakeFiles/my_DE3_Project.dir/home/admin/pico/pico-sdk/src/common/pico_time/time.c.obj
 .ARM.attributes
                0x00000250       0x2c CMakeFiles/my_DE3_Project.dir/home/admin/pico/pico-sdk/src/rp2_common/hardware_timer/timer.c.obj
 .ARM.attributes
                0x0000027c       0x2c CMakeFiles/my_DE3_Project.dir/home/admin/pico/pico-sdk/src/common/pico_util/pheap.c.obj
 .ARM.attributes
                0x000002a8       0x2c CMakeFiles/my_DE3_Project.dir/home/admin/pico/pico-sdk/src/rp2_common/hardware_clocks/clocks.c.obj
 .ARM.attributes
                0x000002d4       0x2c CMakeFiles/my_DE3_Project.dir/home/admin/pico/pico-sdk/src/rp2_common/hardware_pll/pll.c.obj
 .ARM.attributes
                0x00000300       0x2c CMakeFiles/my_DE3_Project.dir/home/admin/pico/pico-sdk/src/rp2_common/hardware_watchdog/watchdog.c.obj
 .ARM.attributes
                0x0000032c       0x2c CMakeFiles/my_DE3_Project.dir/home/admin/pico/pico-sdk/src/rp2_common/hardware_xosc/xosc.c.obj
 .ARM.attributes
                0x00000358       0x2c CMakeFiles/my_DE3_Project.dir/home/admin/pico/pico-sdk/src/rp2_common/pico_runtime/runtime.c.obj
 .ARM.attributes
                0x00000384       0x2c CMakeFiles/my_DE3_Project.dir/home/admin/pico/pico-sdk/src/rp2_common/pico_printf/printf.c.obj
 .ARM.attributes
                0x000003b0       0x22 CMakeFiles/my_DE3_Project.dir/home/admin/pico/pico-sdk/src/rp2_common/pico_bit_ops/bit_ops_aeabi.S.obj
 .ARM.attributes
                0x000003d2       0x2c CMakeFiles/my_DE3_Project.dir/home/admin/pico/pico-sdk/src/rp2_common/pico_bootrom/bootrom.c.obj
 .ARM.attributes
                0x000003fe       0x22 CMakeFiles/my_DE3_Project.dir/home/admin/pico/pico-sdk/src/rp2_common/pico_divider/divider.S.obj
 .ARM.attributes
                0x00000420       0x22 CMakeFiles/my_DE3_Project.dir/home/admin/pico/pico-sdk/src/rp2_common/pico_double/double_aeabi.S.obj
 .ARM.attributes
                0x00000442       0x2c CMakeFiles/my_DE3_Project.dir/home/admin/pico/pico-sdk/src/rp2_common/pico_double/double_init_rom.c.obj
 .ARM.attributes
                0x0000046e       0x22 CMakeFiles/my_DE3_Project.dir/home/admin/pico/pico-sdk/src/rp2_common/pico_double/double_v1_rom_shim.S.obj
 .ARM.attributes
                0x00000490       0x22 CMakeFiles/my_DE3_Project.dir/home/admin/pico/pico-sdk/src/rp2_common/pico_int64_ops/pico_int64_ops_aeabi.S.obj
 .ARM.attributes
                0x000004b2       0x22 CMakeFiles/my_DE3_Project.dir/home/admin/pico/pico-sdk/src/rp2_common/pico_float/float_aeabi.S.obj
 .ARM.attributes
                0x000004d4       0x2c CMakeFiles/my_DE3_Project.dir/home/admin/pico/pico-sdk/src/rp2_common/pico_float/float_init_rom.c.obj
 .ARM.attributes
                0x00000500       0x22 CMakeFiles/my_DE3_Project.dir/home/admin/pico/pico-sdk/src/rp2_common/pico_float/float_v1_rom_shim.S.obj
 .ARM.attributes
                0x00000522       0x22 CMakeFiles/my_DE3_Project.dir/home/admin/pico/pico-sdk/src/rp2_common/pico_mem_ops/mem_ops_aeabi.S.obj
 .ARM.attributes
                0x00000544       0x22 CMakeFiles/my_DE3_Project.dir/home/admin/pico/pico-sdk/src/rp2_common/pico_standard_link/crt0.S.obj
 .ARM.attributes
                0x00000566       0x2c CMakeFiles/my_DE3_Project.dir/home/admin/pico/pico-sdk/src/rp2_common/pico_standard_link/binary_info.c.obj
 .ARM.attributes
                0x00000592       0x2c CMakeFiles/my_DE3_Project.dir/home/admin/pico/pico-sdk/src/rp2_common/pico_stdio/stdio.c.obj
 .ARM.attributes
                0x000005be       0x2c CMakeFiles/my_DE3_Project.dir/home/admin/pico/pico-sdk/src/rp2_common/pico_unique_id/unique_id.c.obj
 .ARM.attributes
                0x000005ea       0x2c CMakeFiles/my_DE3_Project.dir/home/admin/pico/pico-sdk/src/rp2_common/hardware_flash/flash.c.obj
 .ARM.attributes
                0x00000616       0x22 /tmp/ccvnRWPb.o
 .ARM.attributes
                0x00000638       0x1e /usr/lib/gcc/arm-none-eabi/12.2.1/thumb/v6-m/nofp/libgcc.a(_dvmd_tls.o)
 .ARM.attributes
                0x00000656       0x2c /usr/lib/gcc/arm-none-eabi/12.2.1/../../../arm-none-eabi/lib/thumb/v6-m/nofp/libg.a(lib_a-strlen-stub.o)
 .ARM.attributes
                0x00000682       0x2c /usr/lib/gcc/arm-none-eabi/12.2.1/thumb/v6-m/nofp/crtend.o

.comment        0x00000000       0x59
 .comment       0x00000000       0x26 /usr/lib/gcc/arm-none-eabi/12.2.1/thumb/v6-m/nofp/crtbegin.o
                                 0x27 (size before relaxing)
 .comment       0x00000026       0x27 CMakeFiles/my_DE3_Project.dir/main.c.obj
 .comment       0x00000026       0x27 CMakeFiles/my_DE3_Project.dir/display7Seg4D.c.obj
 .comment       0x00000026       0x27 CMakeFiles/my_DE3_Project.dir/game.c.obj
 .comment       0x00000026       0x27 CMakeFiles/my_DE3_Project.dir/home/admin/pico/pico-sdk/src/rp2_common/hardware_gpio/gpio.c.obj
 .comment       0x00000026       0x27 CMakeFiles/my_DE3_Project.dir/home/admin/pico/pico-sdk/src/rp2_common/pico_platform/platform.c.obj
 .comment       0x00000026       0x27 CMakeFiles/my_DE3_Project.dir/home/admin/pico/pico-sdk/src/rp2_common/hardware_claim/claim.c.obj
 .comment       0x00000026       0x27 CMakeFiles/my_DE3_Project.dir/home/admin/pico/pico-sdk/src/rp2_common/hardware_sync/sync.c.obj
 .comment       0x00000026       0x27 CMakeFiles/my_DE3_Project.dir/home/admin/pico/pico-sdk/src/rp2_common/hardware_irq/irq.c.obj
 .comment       0x00000026       0x27 CMakeFiles/my_DE3_Project.dir/home/admin/pico/pico-sdk/src/common/pico_sync/lock_core.c.obj
 .comment       0x00000026       0x27 CMakeFiles/my_DE3_Project.dir/home/admin/pico/pico-sdk/src/common/pico_sync/mutex.c.obj
 .comment       0x00000026       0x27 CMakeFiles/my_DE3_Project.dir/home/admin/pico/pico-sdk/src/common/pico_time/time.c.obj
 .comment       0x00000026       0x27 CMakeFiles/my_DE3_Project.dir/home/admin/pico/pico-sdk/src/rp2_common/hardware_timer/timer.c.obj
 .comment       0x00000026       0x27 CMakeFiles/my_DE3_Project.dir/home/admin/pico/pico-sdk/src/common/pico_util/pheap.c.obj
 .comment       0x00000026       0x27 CMakeFiles/my_DE3_Project.dir/home/admin/pico/pico-sdk/src/rp2_common/hardware_clocks/clocks.c.obj
 .comment       0x00000026       0x27 CMakeFiles/my_DE3_Project.dir/home/admin/pico/pico-sdk/src/rp2_common/hardware_pll/pll.c.obj
 .comment       0x00000026       0x27 CMakeFiles/my_DE3_Project.dir/home/admin/pico/pico-sdk/src/rp2_common/hardware_watchdog/watchdog.c.obj
 .comment       0x00000026       0x27 CMakeFiles/my_DE3_Project.dir/home/admin/pico/pico-sdk/src/rp2_common/hardware_xosc/xosc.c.obj
 .comment       0x00000026       0x27 CMakeFiles/my_DE3_Project.dir/home/admin/pico/pico-sdk/src/rp2_common/pico_runtime/runtime.c.obj
 .comment       0x00000026       0x27 CMakeFiles/my_DE3_Project.dir/home/admin/pico/pico-sdk/src/rp2_common/pico_printf/printf.c.obj
 .comment       0x00000026       0x27 CMakeFiles/my_DE3_Project.dir/home/admin/pico/pico-sdk/src/rp2_common/pico_bootrom/bootrom.c.obj
 .comment       0x00000026       0x27 CMakeFiles/my_DE3_Project.dir/home/admin/pico/pico-sdk/src/rp2_common/pico_double/double_init_rom.c.obj
 .comment       0x00000026       0x27 CMakeFiles/my_DE3_Project.dir/home/admin/pico/pico-sdk/src/rp2_common/pico_float/float_init_rom.c.obj
 .comment       0x00000026       0x27 CMakeFiles/my_DE3_Project.dir/home/admin/pico/pico-sdk/src/rp2_common/pico_standard_link/binary_info.c.obj
 .comment       0x00000026       0x27 CMakeFiles/my_DE3_Project.dir/home/admin/pico/pico-sdk/src/rp2_common/pico_stdio/stdio.c.obj
 .comment       0x00000026       0x27 CMakeFiles/my_DE3_Project.dir/home/admin/pico/pico-sdk/src/rp2_common/pico_unique_id/unique_id.c.obj
 .comment       0x00000026       0x27 CMakeFiles/my_DE3_Project.dir/home/admin/pico/pico-sdk/src/rp2_common/hardware_flash/flash.c.obj
 .comment       0x00000026       0x33 /usr/lib/gcc/arm-none-eabi/12.2.1/../../../arm-none-eabi/lib/thumb/v6-m/nofp/libg.a(lib_a-strlen-stub.o)
                                 0x34 (size before relaxing)
 .comment       0x00000059       0x27 /usr/lib/gcc/arm-none-eabi/12.2.1/thumb/v6-m/nofp/crtend.o

.debug_info     0x00000000    0x14a53
 .debug_info    0x00000000      0x7cc CMakeFiles/my_DE3_Project.dir/main.c.obj
 .debug_info    0x000007cc      0x924 CMakeFiles/my_DE3_Project.dir/display7Seg4D.c.obj
 .debug_info    0x000010f0      0x588 CMakeFiles/my_DE3_Project.dir/game.c.obj
 .debug_info    0x00001678     0x17d1 CMakeFiles/my_DE3_Project.dir/home/admin/pico/pico-sdk/src/rp2_common/hardware_gpio/gpio.c.obj
 .debug_info    0x00002e49      0x1e3 CMakeFiles/my_DE3_Project.dir/home/admin/pico/pico-sdk/src/rp2_common/pico_platform/platform.c.obj
 .debug_info    0x0000302c      0x682 CMakeFiles/my_DE3_Project.dir/home/admin/pico/pico-sdk/src/rp2_common/hardware_claim/claim.c.obj
 .debug_info    0x000036ae      0x5c3 CMakeFiles/my_DE3_Project.dir/home/admin/pico/pico-sdk/src/rp2_common/hardware_sync/sync.c.obj
 .debug_info    0x00003c71     0x1bc3 CMakeFiles/my_DE3_Project.dir/home/admin/pico/pico-sdk/src/rp2_common/hardware_irq/irq.c.obj
 .debug_info    0x00005834      0x197 CMakeFiles/my_DE3_Project.dir/home/admin/pico/pico-sdk/src/common/pico_sync/lock_core.c.obj
 .debug_info    0x000059cb     0x1ce9 CMakeFiles/my_DE3_Project.dir/home/admin/pico/pico-sdk/src/common/pico_sync/mutex.c.obj
 .debug_info    0x000076b4     0x33ad CMakeFiles/my_DE3_Project.dir/home/admin/pico/pico-sdk/src/common/pico_time/time.c.obj
 .debug_info    0x0000aa61     0x13ee CMakeFiles/my_DE3_Project.dir/home/admin/pico/pico-sdk/src/rp2_common/hardware_timer/timer.c.obj
 .debug_info    0x0000be4f      0xe63 CMakeFiles/my_DE3_Project.dir/home/admin/pico/pico-sdk/src/common/pico_util/pheap.c.obj
 .debug_info    0x0000ccb2      0xfb7 CMakeFiles/my_DE3_Project.dir/home/admin/pico/pico-sdk/src/rp2_common/hardware_clocks/clocks.c.obj
 .debug_info    0x0000dc69      0x4ed CMakeFiles/my_DE3_Project.dir/home/admin/pico/pico-sdk/src/rp2_common/hardware_pll/pll.c.obj
 .debug_info    0x0000e156      0x4c5 CMakeFiles/my_DE3_Project.dir/home/admin/pico/pico-sdk/src/rp2_common/hardware_watchdog/watchdog.c.obj
 .debug_info    0x0000e61b      0x1af CMakeFiles/my_DE3_Project.dir/home/admin/pico/pico-sdk/src/rp2_common/hardware_xosc/xosc.c.obj
 .debug_info    0x0000e7ca      0xf17 CMakeFiles/my_DE3_Project.dir/home/admin/pico/pico-sdk/src/rp2_common/pico_runtime/runtime.c.obj
 .debug_info    0x0000f6e1     0x198a CMakeFiles/my_DE3_Project.dir/home/admin/pico/pico-sdk/src/rp2_common/pico_printf/printf.c.obj
 .debug_info    0x0001106b       0x23 CMakeFiles/my_DE3_Project.dir/home/admin/pico/pico-sdk/src/rp2_common/pico_bit_ops/bit_ops_aeabi.S.obj
 .debug_info    0x0001108e      0x301 CMakeFiles/my_DE3_Project.dir/home/admin/pico/pico-sdk/src/rp2_common/pico_bootrom/bootrom.c.obj
 .debug_info    0x0001138f       0x23 CMakeFiles/my_DE3_Project.dir/home/admin/pico/pico-sdk/src/rp2_common/pico_divider/divider.S.obj
 .debug_info    0x000113b2       0x23 CMakeFiles/my_DE3_Project.dir/home/admin/pico/pico-sdk/src/rp2_common/pico_double/double_aeabi.S.obj
 .debug_info    0x000113d5      0x30b CMakeFiles/my_DE3_Project.dir/home/admin/pico/pico-sdk/src/rp2_common/pico_double/double_init_rom.c.obj
 .debug_info    0x000116e0       0x23 CMakeFiles/my_DE3_Project.dir/home/admin/pico/pico-sdk/src/rp2_common/pico_double/double_v1_rom_shim.S.obj
 .debug_info    0x00011703       0x24 CMakeFiles/my_DE3_Project.dir/home/admin/pico/pico-sdk/src/rp2_common/pico_int64_ops/pico_int64_ops_aeabi.S.obj
 .debug_info    0x00011727       0x23 CMakeFiles/my_DE3_Project.dir/home/admin/pico/pico-sdk/src/rp2_common/pico_float/float_aeabi.S.obj
 .debug_info    0x0001174a      0x31f CMakeFiles/my_DE3_Project.dir/home/admin/pico/pico-sdk/src/rp2_common/pico_float/float_init_rom.c.obj
 .debug_info    0x00011a69       0x23 CMakeFiles/my_DE3_Project.dir/home/admin/pico/pico-sdk/src/rp2_common/pico_float/float_v1_rom_shim.S.obj
 .debug_info    0x00011a8c       0x23 CMakeFiles/my_DE3_Project.dir/home/admin/pico/pico-sdk/src/rp2_common/pico_mem_ops/mem_ops_aeabi.S.obj
 .debug_info    0x00011aaf       0x23 CMakeFiles/my_DE3_Project.dir/home/admin/pico/pico-sdk/src/rp2_common/pico_standard_link/crt0.S.obj
 .debug_info    0x00011ad2      0x288 CMakeFiles/my_DE3_Project.dir/home/admin/pico/pico-sdk/src/rp2_common/pico_standard_link/binary_info.c.obj
 .debug_info    0x00011d5a     0x1729 CMakeFiles/my_DE3_Project.dir/home/admin/pico/pico-sdk/src/rp2_common/pico_stdio/stdio.c.obj
 .debug_info    0x00013483      0x269 CMakeFiles/my_DE3_Project.dir/home/admin/pico/pico-sdk/src/rp2_common/pico_unique_id/unique_id.c.obj
 .debug_info    0x000136ec     0x1240 CMakeFiles/my_DE3_Project.dir/home/admin/pico/pico-sdk/src/rp2_common/hardware_flash/flash.c.obj
 .debug_info    0x0001492c       0x39 /usr/lib/gcc/arm-none-eabi/12.2.1/thumb/v6-m/nofp/libgcc.a(_dvmd_tls.o)
 .debug_info    0x00014965       0xee /usr/lib/gcc/arm-none-eabi/12.2.1/../../../arm-none-eabi/lib/thumb/v6-m/nofp/libg.a(lib_a-strlen-stub.o)

.debug_abbrev   0x00000000     0x4762
 .debug_abbrev  0x00000000      0x215 CMakeFiles/my_DE3_Project.dir/main.c.obj
 .debug_abbrev  0x00000215      0x253 CMakeFiles/my_DE3_Project.dir/display7Seg4D.c.obj
 .debug_abbrev  0x00000468      0x1f7 CMakeFiles/my_DE3_Project.dir/game.c.obj
 .debug_abbrev  0x0000065f      0x3a6 CMakeFiles/my_DE3_Project.dir/home/admin/pico/pico-sdk/src/rp2_common/hardware_gpio/gpio.c.obj
 .debug_abbrev  0x00000a05       0xf8 CMakeFiles/my_DE3_Project.dir/home/admin/pico/pico-sdk/src/rp2_common/pico_platform/platform.c.obj
 .debug_abbrev  0x00000afd      0x2ce CMakeFiles/my_DE3_Project.dir/home/admin/pico/pico-sdk/src/rp2_common/hardware_claim/claim.c.obj
 .debug_abbrev  0x00000dcb      0x249 CMakeFiles/my_DE3_Project.dir/home/admin/pico/pico-sdk/src/rp2_common/hardware_sync/sync.c.obj
 .debug_abbrev  0x00001014      0x500 CMakeFiles/my_DE3_Project.dir/home/admin/pico/pico-sdk/src/rp2_common/hardware_irq/irq.c.obj
 .debug_abbrev  0x00001514      0x116 CMakeFiles/my_DE3_Project.dir/home/admin/pico/pico-sdk/src/common/pico_sync/lock_core.c.obj
 .debug_abbrev  0x0000162a      0x3e8 CMakeFiles/my_DE3_Project.dir/home/admin/pico/pico-sdk/src/common/pico_sync/mutex.c.obj
 .debug_abbrev  0x00001a12      0x5c3 CMakeFiles/my_DE3_Project.dir/home/admin/pico/pico-sdk/src/common/pico_time/time.c.obj
 .debug_abbrev  0x00001fd5      0x3d5 CMakeFiles/my_DE3_Project.dir/home/admin/pico/pico-sdk/src/rp2_common/hardware_timer/timer.c.obj
 .debug_abbrev  0x000023aa      0x290 CMakeFiles/my_DE3_Project.dir/home/admin/pico/pico-sdk/src/common/pico_util/pheap.c.obj
 .debug_abbrev  0x0000263a      0x434 CMakeFiles/my_DE3_Project.dir/home/admin/pico/pico-sdk/src/rp2_common/hardware_clocks/clocks.c.obj
 .debug_abbrev  0x00002a6e      0x1e7 CMakeFiles/my_DE3_Project.dir/home/admin/pico/pico-sdk/src/rp2_common/hardware_pll/pll.c.obj
 .debug_abbrev  0x00002c55      0x1a8 CMakeFiles/my_DE3_Project.dir/home/admin/pico/pico-sdk/src/rp2_common/hardware_watchdog/watchdog.c.obj
 .debug_abbrev  0x00002dfd      0x10c CMakeFiles/my_DE3_Project.dir/home/admin/pico/pico-sdk/src/rp2_common/hardware_xosc/xosc.c.obj
 .debug_abbrev  0x00002f09      0x530 CMakeFiles/my_DE3_Project.dir/home/admin/pico/pico-sdk/src/rp2_common/pico_runtime/runtime.c.obj
 .debug_abbrev  0x00003439      0x38a CMakeFiles/my_DE3_Project.dir/home/admin/pico/pico-sdk/src/rp2_common/pico_printf/printf.c.obj
 .debug_abbrev  0x000037c3       0x12 CMakeFiles/my_DE3_Project.dir/home/admin/pico/pico-sdk/src/rp2_common/pico_bit_ops/bit_ops_aeabi.S.obj
 .debug_abbrev  0x000037d5      0x167 CMakeFiles/my_DE3_Project.dir/home/admin/pico/pico-sdk/src/rp2_common/pico_bootrom/bootrom.c.obj
 .debug_abbrev  0x0000393c       0x12 CMakeFiles/my_DE3_Project.dir/home/admin/pico/pico-sdk/src/rp2_common/pico_divider/divider.S.obj
 .debug_abbrev  0x0000394e       0x12 CMakeFiles/my_DE3_Project.dir/home/admin/pico/pico-sdk/src/rp2_common/pico_double/double_aeabi.S.obj
 .debug_abbrev  0x00003960      0x1c3 CMakeFiles/my_DE3_Project.dir/home/admin/pico/pico-sdk/src/rp2_common/pico_double/double_init_rom.c.obj
 .debug_abbrev  0x00003b23       0x12 CMakeFiles/my_DE3_Project.dir/home/admin/pico/pico-sdk/src/rp2_common/pico_double/double_v1_rom_shim.S.obj
 .debug_abbrev  0x00003b35       0x14 CMakeFiles/my_DE3_Project.dir/home/admin/pico/pico-sdk/src/rp2_common/pico_int64_ops/pico_int64_ops_aeabi.S.obj
 .debug_abbrev  0x00003b49       0x12 CMakeFiles/my_DE3_Project.dir/home/admin/pico/pico-sdk/src/rp2_common/pico_float/float_aeabi.S.obj
 .debug_abbrev  0x00003b5b      0x1c6 CMakeFiles/my_DE3_Project.dir/home/admin/pico/pico-sdk/src/rp2_common/pico_float/float_init_rom.c.obj
 .debug_abbrev  0x00003d21       0x12 CMakeFiles/my_DE3_Project.dir/home/admin/pico/pico-sdk/src/rp2_common/pico_float/float_v1_rom_shim.S.obj
 .debug_abbrev  0x00003d33       0x12 CMakeFiles/my_DE3_Project.dir/home/admin/pico/pico-sdk/src/rp2_common/pico_mem_ops/mem_ops_aeabi.S.obj
 .debug_abbrev  0x00003d45       0x12 CMakeFiles/my_DE3_Project.dir/home/admin/pico/pico-sdk/src/rp2_common/pico_standard_link/crt0.S.obj
 .debug_abbrev  0x00003d57       0xb8 CMakeFiles/my_DE3_Project.dir/home/admin/pico/pico-sdk/src/rp2_common/pico_standard_link/binary_info.c.obj
 .debug_abbrev  0x00003e0f      0x467 CMakeFiles/my_DE3_Project.dir/home/admin/pico/pico-sdk/src/rp2_common/pico_stdio/stdio.c.obj
 .debug_abbrev  0x00004276      0x181 CMakeFiles/my_DE3_Project.dir/home/admin/pico/pico-sdk/src/rp2_common/pico_unique_id/unique_id.c.obj
 .debug_abbrev  0x000043f7      0x2bd CMakeFiles/my_DE3_Project.dir/home/admin/pico/pico-sdk/src/rp2_common/hardware_flash/flash.c.obj
 .debug_abbrev  0x000046b4       0x1f /usr/lib/gcc/arm-none-eabi/12.2.1/thumb/v6-m/nofp/libgcc.a(_dvmd_tls.o)
 .debug_abbrev  0x000046d3       0x8f /usr/lib/gcc/arm-none-eabi/12.2.1/../../../arm-none-eabi/lib/thumb/v6-m/nofp/libg.a(lib_a-strlen-stub.o)

.debug_loclists
                0x00000000     0x7dcd
 .debug_loclists
                0x00000000      0x2aa CMakeFiles/my_DE3_Project.dir/main.c.obj
 .debug_loclists
                0x000002aa      0x2c9 CMakeFiles/my_DE3_Project.dir/display7Seg4D.c.obj
 .debug_loclists
                0x00000573       0xed CMakeFiles/my_DE3_Project.dir/game.c.obj
 .debug_loclists
                0x00000660      0x9c2 CMakeFiles/my_DE3_Project.dir/home/admin/pico/pico-sdk/src/rp2_common/hardware_gpio/gpio.c.obj
 .debug_loclists
                0x00001022       0x9f CMakeFiles/my_DE3_Project.dir/home/admin/pico/pico-sdk/src/rp2_common/pico_platform/platform.c.obj
 .debug_loclists
                0x000010c1      0x27b CMakeFiles/my_DE3_Project.dir/home/admin/pico/pico-sdk/src/rp2_common/hardware_claim/claim.c.obj
 .debug_loclists
                0x0000133c      0x157 CMakeFiles/my_DE3_Project.dir/home/admin/pico/pico-sdk/src/rp2_common/hardware_sync/sync.c.obj
 .debug_loclists
                0x00001493      0xc84 CMakeFiles/my_DE3_Project.dir/home/admin/pico/pico-sdk/src/rp2_common/hardware_irq/irq.c.obj
 .debug_loclists
                0x00002117       0x4a CMakeFiles/my_DE3_Project.dir/home/admin/pico/pico-sdk/src/common/pico_sync/lock_core.c.obj
 .debug_loclists
                0x00002161      0x9bf CMakeFiles/my_DE3_Project.dir/home/admin/pico/pico-sdk/src/common/pico_sync/mutex.c.obj
 .debug_loclists
                0x00002b20     0x12c0 CMakeFiles/my_DE3_Project.dir/home/admin/pico/pico-sdk/src/common/pico_time/time.c.obj
 .debug_loclists
                0x00003de0      0x63d CMakeFiles/my_DE3_Project.dir/home/admin/pico/pico-sdk/src/rp2_common/hardware_timer/timer.c.obj
 .debug_loclists
                0x0000441d      0x690 CMakeFiles/my_DE3_Project.dir/home/admin/pico/pico-sdk/src/common/pico_util/pheap.c.obj
 .debug_loclists
                0x00004aad      0x502 CMakeFiles/my_DE3_Project.dir/home/admin/pico/pico-sdk/src/rp2_common/hardware_clocks/clocks.c.obj
 .debug_loclists